 win32_cognition

 Timestamp is 5aef1462 (Sun May 06 10:42:42 2018)

 Preferred load address is 0000000140000000

 Start         Length     Name                   Class
 0001:00000000 00000051H .text$di                CODE
 0001:00000060 0003145cH .text$mn                CODE
 0001:000314c0 000006ebH .text$x                 CODE
 0002:00000000 000002d0H .idata$5                DATA
 0002:000002d0 00000008H .CRT$XCA                DATA
 0002:000002d8 00000008H .CRT$XCU                DATA
 0002:000002e0 00000008H .CRT$XCZ                DATA
 0002:000002e8 00000008H .CRT$XIA                DATA
 0002:000002f0 00000028H .CRT$XIC                DATA
 0002:00000318 00000008H .CRT$XIY                DATA
 0002:00000320 00000008H .CRT$XIZ                DATA
 0002:00000328 00000008H .CRT$XPA                DATA
 0002:00000330 00000010H .CRT$XPX                DATA
 0002:00000340 00000008H .CRT$XPXA               DATA
 0002:00000348 00000008H .CRT$XPZ                DATA
 0002:00000350 00000008H .CRT$XTA                DATA
 0002:00000358 00000008H .CRT$XTZ                DATA
 0002:00000360 0000bb10H .rdata                  DATA
 0002:0000be70 0000005cH .rdata$debug            DATA
 0002:0000bed0 0000016cH .rdata$r                DATA
 0002:0000c040 00000008H .rtc$IAA                DATA
 0002:0000c048 00000008H .rtc$IZZ                DATA
 0002:0000c050 00000008H .rtc$TAA                DATA
 0002:0000c058 00000008H .rtc$TZZ                DATA
 0002:0000c060 00000eb4H .xdata                  DATA
 0002:0000cf18 00000084H .xdata$x                DATA
 0002:0000cf9c 00000000H .edata                  DATA
 0002:0000cf9c 0000003cH .idata$2                DATA
 0002:0000cfd8 00000014H .idata$3                DATA
 0002:0000cff0 000002d0H .idata$4                DATA
 0002:0000d2c0 00000654H .idata$6                DATA
 0003:00000000 00001948H .data                   DATA
 0003:00001948 00000070H .data$r                 DATA
 0003:000019c0 00002528H .bss                    DATA
 0004:00000000 000016d4H .pdata                  DATA
 0005:00000000 000007b0H _RDATA                  DATA

  Address         Publics by Value              Rva+Base               Lib:Object

 0000:00000000       __guard_fids_count         0000000000000000     <absolute>
 0000:00000000       __guard_flags              0000000000000000     <absolute>
 0000:00000000       ___safe_se_handler_count   0000000000000000     <absolute>
 0000:00000000       __guard_fids_table         0000000000000000     <absolute>
 0000:00000000       ___safe_se_handler_table   0000000000000000     <absolute>
 0000:00000000       __ImageBase                0000000140000000     <linker-defined>
 0001:00000060       ??$sprintf_s@$0BAA@@@YAHAEAY0BAA@DPEBDZZ 0000000140001060 f i win32_cognition.obj
 0001:00000090       ??D@YA?AUmat@@U0@0@Z       0000000140001090 f i win32_cognition.obj
 0001:00000310       ??D@YA?AUmat@@U0@M@Z       0000000140001310 f i win32_cognition.obj
 0001:00000400       ??H@YA?AUmat@@U0@0@Z       0000000140001400 f i win32_cognition.obj
 0001:00000540       ?BackProp@@YA?AUmat@@PEAUhidden_layer@@U1@1@Z 0000000140001540 f i win32_cognition.obj
 0001:00000850       ?ElemMul@@YA?AUmat@@U1@0@Z 0000000140001850 f i win32_cognition.obj
 0001:00000b90       ?Mean@@YAMUmat@@@Z         0000000140001b90 f i win32_cognition.obj
 0001:00000c70       ?Rand@@YA?AUmat@@II@Z      0000000140001c70 f i win32_cognition.obj
 0001:00000d70       ?RandDropout@@YA?AUmat@@IIM@Z 0000000140001d70 f i win32_cognition.obj
 0001:00000e80       ?TrainDigitAutoEncoder@@YAXXZ 0000000140001e80 f i win32_cognition.obj
 0001:00002290       ?Transpose@@YA?AUmat@@U1@@Z 0000000140003290 f i win32_cognition.obj
 0001:000023a0       ?Win32DisplayBufferInWindow@@YAXPEAUHWND__@@@Z 00000001400033a0 f i win32_cognition.obj
 0001:000025a0       WinMain                    00000001400035a0 f   win32_cognition.obj
 0001:00002780       _fclose_nolock             0000000140003780 f   LIBCMTD:fclose.obj
 0001:000028d0       fclose                     00000001400038d0 f   LIBCMTD:fclose.obj
 0001:000029d0       _fsopen                    00000001400039d0 f   LIBCMTD:fopen.obj
 0001:00002c90       fopen                      0000000140003c90 f   LIBCMTD:fopen.obj
 0001:00002cc0       _fread_nolock_s            0000000140003cc0 f   LIBCMTD:fread.obj
 0001:00003610       fread                      0000000140004610 f   LIBCMTD:fread.obj
 0001:00003660       fread_s                    0000000140004660 f   LIBCMTD:fread.obj
 0001:000037b0       _vsnprintf_helper          00000001400047b0 f   LIBCMTD:vsnprnc.obj
 0001:00003a90       _vsnprintf_s               0000000140004a90 f   LIBCMTD:vsnprnc.obj
 0001:00003ae0       _vsnprintf_s_l             0000000140004ae0 f   LIBCMTD:vsnprnc.obj
 0001:00004080       _vsprintf_s_l              0000000140005080 f   LIBCMTD:vsnprnc.obj
 0001:00004410       vsprintf_s                 0000000140005410 f   LIBCMTD:vsnprnc.obj
 0001:00004450       __copy_path_to_wide_string 0000000140005450 f   LIBCMTD:crt0dat.obj
 0001:000046d0       __crtCorExitProcess        00000001400056d0 f   LIBCMTD:crt0dat.obj
 0001:00004720       __crtExitProcess           0000000140005720 f   LIBCMTD:crt0dat.obj
 0001:00004740       __freeCrtMemory            0000000140005740 f   LIBCMTD:crt0dat.obj
 0001:00004970       _amsg_exit                 0000000140005970 f   LIBCMTD:crt0dat.obj
 0001:000049a0       _c_exit                    00000001400059a0 f   LIBCMTD:crt0dat.obj
 0001:000049c0       _cexit                     00000001400059c0 f   LIBCMTD:crt0dat.obj
 0001:000049e0       _cinit                     00000001400059e0 f   LIBCMTD:crt0dat.obj
 0001:00004a90       _exit                      0000000140005a90 f   LIBCMTD:crt0dat.obj
 0001:00004ab0       _init_pointers             0000000140005ab0 f   LIBCMTD:crt0dat.obj
 0001:00004b60       _initterm_e                0000000140005b60 f   LIBCMTD:crt0dat.obj
 0001:00004bc0       _lockexit                  0000000140005bc0 f   LIBCMTD:crt0dat.obj
 0001:00004be0       _unlockexit                0000000140005be0 f   LIBCMTD:crt0dat.obj
 0001:00004e10       exit                       0000000140005e10 f   LIBCMTD:crt0dat.obj
 0001:00004e30       rand                       0000000140005e30 f   LIBCMTD:rand.obj
 0001:00004e70       malloc                     0000000140005e70 f   LIBCMTD:dbgmalloc.obj
 0001:00004eb0       __GSHandlerCheck           0000000140005eb0 f   LIBCMTD:gshandler.obj
 0001:00004ef0       __GSHandlerCheckCommon     0000000140005ef0 f   LIBCMTD:gshandler.obj
 0001:00005000       __security_check_cookie    0000000140006000 f   LIBCMTD:amdsecgs.obj
 0001:00005020       __vdecl_expf4              0000000140006020 f   LIBCMTD:svml_sexpf4_dispatch.obj
 0001:00005040       expf                       0000000140006040 f   LIBCMTD:expf.obj
 0001:000052b0       _fpmath                    00000001400062b0 f   LIBCMTD:fpinit.obj
 0001:000052d0       _cfltcvt_init              00000001400062d0 f   LIBCMTD:fpinit.obj
 0001:000053e0       WinMainCRTStartup          00000001400063e0 f   LIBCMTD:wincrt0.obj
 0001:00005630       _call_reportfault          0000000140006630 f   LIBCMTD:invarg.obj
 0001:00005760       _initp_misc_invarg         0000000140006760 f   LIBCMTD:invarg.obj
 0001:00005780       _invalid_parameter         0000000140006780 f   LIBCMTD:invarg.obj
 0001:00005810       _invoke_watson             0000000140006810 f   LIBCMTD:invarg.obj
 0001:00005870       _fileno                    0000000140006870 f   LIBCMTD:fileno.obj
 0001:00005930       __initstdio                0000000140006930 f   LIBCMTD:_file.obj
 0001:00005a30       __endstdio                 0000000140006a30 f   LIBCMTD:_file.obj
 0001:00005a70       __iob_func                 0000000140006a70 f   LIBCMTD:_file.obj
 0001:00005a80       _lock_file                 0000000140006a80 f   LIBCMTD:_file.obj
 0001:00005b10       _lock_file2                0000000140006b10 f   LIBCMTD:_file.obj
 0001:00005b60       _unlock_file               0000000140006b60 f   LIBCMTD:_file.obj
 0001:00005bf0       _unlock_file2              0000000140006bf0 f   LIBCMTD:_file.obj
 0001:00005c40       _close                     0000000140006c40 f   LIBCMTD:close.obj
 0001:00005ec0       _close_nolock              0000000140006ec0 f   LIBCMTD:close.obj
 0001:00005fd0       __doserrno                 0000000140006fd0 f   LIBCMTD:dosmap.obj
 0001:00006000       _dosmaperr                 0000000140007000 f   LIBCMTD:dosmap.obj
 0001:00006030       _errno                     0000000140007030 f   LIBCMTD:dosmap.obj
 0001:00006060       _get_errno_from_oserr      0000000140007060 f   LIBCMTD:dosmap.obj
 0001:000060f0       _freebuf                   00000001400070f0 f   LIBCMTD:_freebuf.obj
 0001:000061b0       _fflush_nolock             00000001400071b0 f   LIBCMTD:fflush.obj
 0001:00006230       _flush                     0000000140007230 f   LIBCMTD:fflush.obj
 0001:00006320       _flushall                  0000000140007320 f   LIBCMTD:fflush.obj
 0001:000064b0       _CrtDbgReportW             00000001400074b0 f   LIBCMTD:dbgrptw.obj
 0001:00006530       _CrtDbgReportWV            0000000140007530 f i LIBCMTD:dbgrptw.obj
 0001:00006590       __crtMessageWindowW        0000000140007590 f   LIBCMTD:dbgrptw.obj
 0001:00006c10       _invoke_watson_if_error    0000000140007c10 f i LIBCMTD:dbgrptw.obj
 0001:00006c60       _invoke_watson_if_oneof    0000000140007c60 f i LIBCMTD:dbgrptw.obj
 0001:00006cd0       ??0_LocaleUpdate@@QEAA@PEAUlocaleinfo_struct@@@Z 0000000140007cd0 f i LIBCMTD:dbgheap.obj
 0001:00006e10       ??1_LocaleUpdate@@QEAA@XZ  0000000140007e10 f i LIBCMTD:dbgheap.obj
 0001:00006e50       ?GetLocaleT@_LocaleUpdate@@QEAAPEAUlocaleinfo_struct@@XZ 0000000140007e50 f i LIBCMTD:dbgheap.obj
 0001:00007390       _CrtCheckMemory            0000000140008390 f   LIBCMTD:dbgheap.obj
 0001:00007930       _CrtDumpMemoryLeaks        0000000140008930 f   LIBCMTD:dbgheap.obj
 0001:000079f0       _CrtGetCheckCount          00000001400089f0 f   LIBCMTD:dbgheap.obj
 0001:00007a00       _CrtIsValidHeapPointer     0000000140008a00 f   LIBCMTD:dbgheap.obj
 0001:00007a60       _CrtIsValidPointer         0000000140008a60 f   LIBCMTD:dbgheap.obj
 0001:00007aa0       _CrtMemCheckpoint          0000000140008aa0 f   LIBCMTD:dbgheap.obj
 0001:00007d30       _CrtMemDumpAllObjectsSince 0000000140008d30 f   LIBCMTD:dbgheap.obj
 0001:00007d80       _CrtSetCheckCount          0000000140008d80 f   LIBCMTD:dbgheap.obj
 0001:00007da0       _CrtSetDbgFlag             0000000140008da0 f   LIBCMTD:dbgheap.obj
 0001:00007ee0       _calloc_dbg                0000000140008ee0 f   LIBCMTD:dbgheap.obj
 0001:00007f60       _calloc_dbg_impl           0000000140008f60 f   LIBCMTD:dbgheap.obj
 0001:00008010       _free_dbg                  0000000140009010 f   LIBCMTD:dbgheap.obj
 0001:00008050       _free_dbg_nolock           0000000140009050 f   LIBCMTD:dbgheap.obj
 0001:00008be0       _malloc_dbg                0000000140009be0 f   LIBCMTD:dbgheap.obj
 0001:00008c30       _msize_dbg                 0000000140009c30 f   LIBCMTD:dbgheap.obj
 0001:00008e80       _nh_malloc_dbg             0000000140009e80 f   LIBCMTD:dbgheap.obj
 0001:00009210       _realloc_dbg               000000014000a210 f   LIBCMTD:dbgheap.obj
 0001:00009b80       __C_specific_handler       000000014000ab80 f   LIBCMTD:chandler.obj
 0001:00009fa0       _getstream                 000000014000afa0 f   LIBCMTD:stream.obj
 0001:0000a1e0       _openfile                  000000014000b1e0 f   LIBCMTD:_open.obj
 0001:0000acc0       _local_unwind              000000014000bcc0 f   LIBCMTD:jmpuwind.obj
 0001:0000acf0       _NLG_Notify                000000014000bcf0 f   LIBCMTD:jmpuwind.obj
 0001:0000ad10       __NLG_Dispatch2            000000014000bd10 f   LIBCMTD:jmpuwind.obj
 0001:0000ad20       __NLG_Return2              000000014000bd20 f   LIBCMTD:jmpuwind.obj
 0001:0000ad30       _filbuf                    000000014000bd30 f   LIBCMTD:_filbuf.obj
 0001:0000b050       memcpy_s                   000000014000c050 f   LIBCMTD:memcpy_s.obj
 0001:0000b2d0       memset                     000000014000c2d0 f   LIBCMTD:memset.obj
 0001:0000b500       _read                      000000014000c500 f   LIBCMTD:read.obj
 0001:0000b860       _read_nolock               000000014000c860 f   LIBCMTD:read.obj
 0001:0000d3c0       _flsbuf                    000000014000e3c0 f   LIBCMTD:_flsbuf.obj
 0001:0000d760       get_int64_arg              000000014000e760 f i LIBCMTD:output.obj
 0001:0000d7d0       get_int_arg                000000014000e7d0 f i LIBCMTD:output.obj
 0001:0000d830       get_short_arg              000000014000e830 f i LIBCMTD:output.obj
 0001:0000d8a0       _output_s_l                000000014000e8a0 f   LIBCMTD:outputs.obj
 0001:0000f480       _RTC_Initialize            0000000140010480 f   LIBCMTD:initsect.obj
 0001:0000f4c0       _RTC_Terminate             00000001400104c0 f   LIBCMTD:initsect.obj
 0001:0000f500       _lock                      0000000140010500 f   LIBCMTD:mlock.obj
 0001:0000f560       _mtdeletelocks             0000000140010560 f   LIBCMTD:mlock.obj
 0001:0000f680       _mtinitlocknum             0000000140010680 f   LIBCMTD:mlock.obj
 0001:0000f780       _mtinitlocks               0000000140010780 f   LIBCMTD:mlock.obj
 0001:0000f820       _unlock                    0000000140010820 f   LIBCMTD:mlock.obj
 0001:0000f8c0       __crtCaptureCurrentContext 00000001400108c0 f   LIBCMTD:winapisupp.obj
 0001:0000f960       __crtCapturePreviousContext 0000000140010960 f   LIBCMTD:winapisupp.obj
 0001:0000fa20       __crtFlsAlloc              0000000140010a20 f   LIBCMTD:winapisupp.obj
 0001:0000fa70       __crtFlsFree               0000000140010a70 f   LIBCMTD:winapisupp.obj
 0001:0000fac0       __crtFlsGetValue           0000000140010ac0 f   LIBCMTD:winapisupp.obj
 0001:0000fb10       __crtFlsSetValue           0000000140010b10 f   LIBCMTD:winapisupp.obj
 0001:0000fb70       __crtGetShowWindowMode     0000000140010b70 f   LIBCMTD:winapisupp.obj
 0001:0000fbb0       __crtInitializeCriticalSectionEx 0000000140010bb0 f   LIBCMTD:winapisupp.obj
 0001:0000fc20       __crtIsPackagedApp         0000000140010c20 f   LIBCMTD:winapisupp.obj
 0001:0000fc60       __crtLoadWinApiPointers    0000000140010c60 f   LIBCMTD:winapisupp.obj
 0001:00010250       __crtSetUnhandledExceptionFilter 0000000140011250 f   LIBCMTD:winapisupp.obj
 0001:00010270       __crtTerminateProcess      0000000140011270 f   LIBCMTD:winapisupp.obj
 0001:00010290       __crtUnhandledException    0000000140011290 f   LIBCMTD:winapisupp.obj
 0001:000102c0       _FF_MSGBANNER              00000001400112c0 f   LIBCMTD:crt0msg.obj
 0001:00010310       _GET_RTERRMSG              0000000140011310 f   LIBCMTD:crt0msg.obj
 0001:00010370       _NMSG_WRITE                0000000140011370 f   LIBCMTD:crt0msg.obj
 0001:000107a0       _FindPESection             00000001400117a0 f   LIBCMTD:pesect.obj
 0001:00010850       _IsNonwritableInCurrentImage 0000000140011850 f   LIBCMTD:pesect.obj
 0001:000108e0       _ValidateImageBase         00000001400118e0 f   LIBCMTD:pesect.obj
 0001:00010960       __onexitinit               0000000140011960 f   LIBCMTD:onexit.obj
 0001:000109d0       _onexit                    00000001400119d0 f   LIBCMTD:onexit.obj
 0001:00010be0       atexit                     0000000140011be0 f   LIBCMTD:onexit.obj
 0001:00010c20       _initp_misc_cfltcvt_tab    0000000140011c20 f   LIBCMTD:cmiscdat.obj
 0001:00010c70       ?_inconsistency@@YAXXZ     0000000140011c70 f   LIBCMTD:hooks.obj
 0001:00010ca0       ?terminate@@YAXXZ          0000000140011ca0 f   LIBCMTD:hooks.obj
 0001:00010cd0       _initp_eh_hooks            0000000140011cd0 f   LIBCMTD:hooks.obj
 0001:00010d00       _callnewh                  0000000140011d00 f   LIBCMTD:handler.obj
 0001:00010d40       _initp_heap_handler        0000000140011d40 f   LIBCMTD:handler.obj
 0001:00010d60       _initp_misc_purevirt       0000000140011d60 f   LIBCMTD:inithelp.obj
 0001:00010d80       __get_sigabrt              0000000140011d80 f   LIBCMTD:winsig.obj
 0001:00010da0       _initp_misc_winsig         0000000140011da0 f   LIBCMTD:winsig.obj
 0001:00010de0       raise                      0000000140011de0 f   LIBCMTD:winsig.obj
 0001:00011250       _initp_misc_rand_s         0000000140012250 f   LIBCMTD:rand_s.obj
 0001:00011270       __initmbctable             0000000140012270 f   LIBCMTD:mbctype.obj
 0001:00011900       __updatetmbcinfo           0000000140012900 f   LIBCMTD:mbctype.obj
 0001:00011a10       _setmbcp                   0000000140012a10 f   LIBCMTD:mbctype.obj
 0001:00011d00       _setmbcp_nolock            0000000140012d00 f   LIBCMTD:mbctype.obj
 0001:00012150       _freefls                   0000000140013150 f   LIBCMTD:tidtable.obj
 0001:00012360       _getptd                    0000000140013360 f   LIBCMTD:tidtable.obj
 0001:00012390       _getptd_noexit             0000000140013390 f   LIBCMTD:tidtable.obj
 0001:00012460       _initptd                   0000000140013460 f   LIBCMTD:tidtable.obj
 0001:00012590       _mtinit                    0000000140013590 f   LIBCMTD:tidtable.obj
 0001:00012650       _mtterm                    0000000140013650 f   LIBCMTD:tidtable.obj
 0001:00012680       __raise_securityfailure    0000000140013680 f   LIBCMTD:gs_report.obj
 0001:000126d0       __report_gsfailure         00000001400136d0 f   LIBCMTD:gs_report.obj
 0001:000127b0       __report_rangecheckfailure 00000001400137b0 f   LIBCMTD:gs_report.obj
 0001:000127d0       __report_securityfailure   00000001400137d0 f   LIBCMTD:gs_report.obj
 0001:00012870       __isa_available_init       0000000140013870 f   LIBCMTD:cpu_disp.obj
 0001:00012bb0       __sse2_expf4               0000000140013bb0 f   LIBCMTD:svml_sexpf4_sse2.obj
 0001:00012e30       __sse4_expf4               0000000140013e30 f   LIBCMTD:svml_sexpf4_sse4.obj
 0001:000130a0       __fma3_lib_init            00000001400140a0 f   LIBCMTD:fma3_available.obj
 0001:00013120       _expf_special              0000000140014120 f   LIBCMTD:exp_special.obj
 0001:000132e0       ?strrchr@@YAPEADPEADH@Z    00000001400142e0 f i LIBCMTD:cvt.obj
 0001:00013300       _cfltcvt                   0000000140014300 f   LIBCMTD:cvt.obj
 0001:00013350       _cfltcvt_l                 0000000140014350 f   LIBCMTD:cvt.obj
 0001:00013470       _cftoa_l                   0000000140014470 f   LIBCMTD:cvt.obj
 0001:00013f70       _cftoe                     0000000140014f70 f   LIBCMTD:cvt.obj
 0001:00014590       _cftoe_l                   0000000140015590 f   LIBCMTD:cvt.obj
 0001:00014c90       _cftof_l                   0000000140015c90 f   LIBCMTD:cvt.obj
 0001:00014f70       _cftog_l                   0000000140015f70 f   LIBCMTD:cvt.obj
 0001:00015330       _cropzeros                 0000000140016330 f   LIBCMTD:cvt.obj
 0001:00015350       _cropzeros_l               0000000140016350 f   LIBCMTD:cvt.obj
 0001:000154d0       _fassign                   00000001400164d0 f   LIBCMTD:cvt.obj
 0001:00015500       _fassign_l                 0000000140016500 f   LIBCMTD:cvt.obj
 0001:00015570       _forcdecpt                 0000000140016570 f   LIBCMTD:cvt.obj
 0001:00015590       _forcdecpt_l               0000000140016590 f   LIBCMTD:cvt.obj
 0001:00015690       _positive                  0000000140016690 f   LIBCMTD:cvt.obj
 0001:00015720       ?__CxxUnhandledExceptionFilter@@YAJPEAU_EXCEPTION_POINTERS@@@Z 0000000140016720 f   LIBCMTD:unhandld.obj
 0001:000157a0       __CxxSetUnhandledExceptionFilter 00000001400167a0 f   LIBCMTD:unhandld.obj
 0001:000157c0       _XcptFilter                00000001400167c0 f   LIBCMTD:winxfltr.obj
 0001:00015af0       _heap_init                 0000000140016af0 f   LIBCMTD:heapinit.obj
 0001:00015b20       _ioinit                    0000000140016b20 f   LIBCMTD:ioinit.obj
 0001:00016100       _set_pgmptr                0000000140017100 f i LIBCMTD:stdargv.obj
 0001:00016120       _setargv                   0000000140017120 f   LIBCMTD:stdargv.obj
 0001:00016780       _setenvp                   0000000140017780 f   LIBCMTD:stdenvp.obj
 0001:00016990       __set_app_type             0000000140017990 f   LIBCMTD:errmode.obj
 0001:000169a0       _set_error_mode            00000001400179a0 f   LIBCMTD:errmode.obj
 0001:00016ab0       __security_init_cookie     0000000140017ab0 f   LIBCMTD:gs_support.obj
 0001:00016bd0       __crtGetEnvironmentStringsA 0000000140017bd0 f   LIBCMTD:a_env.obj
 0001:00016d40       _wincmdln                  0000000140017d40 f   LIBCMTD:wincmdln.obj
 0001:00016e50       _CrtDefaultAllocHook       0000000140017e50 f   LIBCMTD:dbghook.obj
 0001:00016e70       __crt_debugger_hook        0000000140017e70 f   LIBCMTD:dbghook.obj
 0001:00016e80       _fcloseall                 0000000140017e80 f   LIBCMTD:closeall.obj
 0001:00016f80       __lock_fhandle             0000000140017f80 f   LIBCMTD:osfinfo.obj
 0001:00017050       _alloc_osfhnd              0000000140018050 f   LIBCMTD:osfinfo.obj
 0001:00017330       _free_osfhnd               0000000140018330 f   LIBCMTD:osfinfo.obj
 0001:00017460       _get_osfhandle             0000000140018460 f   LIBCMTD:osfinfo.obj
 0001:00017660       _set_osfhnd                0000000140018660 f   LIBCMTD:osfinfo.obj
 0001:00017770       _unlock_fhandle            0000000140018770 f   LIBCMTD:osfinfo.obj
 0001:000177b0       _commit                    00000001400187b0 f   LIBCMTD:commit.obj
 0001:00017a40       _write                     0000000140018a40 f   LIBCMTD:write.obj
 0001:00017ce0       _write_nolock              0000000140018ce0 f   LIBCMTD:write.obj
 0001:00018e20       wcscpy_s                   0000000140019e20 f   LIBCMTD:wcscpy_s.obj
 0001:000192d0       wcslen                     000000014001a2d0 f   LIBCMTD:wcslen.obj
 0001:00019320       _snwprintf_s               000000014001a320 f   LIBCMTD:swprintf.obj
 0001:00019380       __crtMessageBoxW           000000014001a380 f   LIBCMTD:crtmboxw.obj
 0001:000197f0       __crtMessageBoxWaitThreadW 000000014001a7f0 f   LIBCMTD:crtmboxw.obj
 0001:00019840       _CrtDbgBreak               000000014001a840 f   LIBCMTD:dbgrptt.obj
 0001:00019850       _VCrtDbgReportA            000000014001a850 f   LIBCMTD:dbgrptt.obj
 0001:0001a220       _VCrtDbgReportW            000000014001b220 f   LIBCMTD:dbgrptt.obj
 0001:0001ad70       __chkstk                   000000014001bd70 f   LIBCMTD:chkstk.obj
 0001:0001ad70       _alloca_probe              000000014001bd70 f   LIBCMTD:chkstk.obj
 0001:0001adc0       __addlocaleref             000000014001bdc0 f   LIBCMTD:localref.obj
 0001:0001af10       __freetlocinfo             000000014001bf10 f   LIBCMTD:localref.obj
 0001:0001b2c0       __removelocaleref          000000014001c2c0 f   LIBCMTD:localref.obj
 0001:0001b420       __updatetlocinfo           000000014001c420 f   LIBCMTD:localref.obj
 0001:0001b4c0       _updatetlocinfoEx_nolock   000000014001c4c0 f   LIBCMTD:localref.obj
 0001:0001b560       _chvalidator               000000014001c560 f   LIBCMTD:isctype.obj
 0001:0001b5d0       _chvalidator_l             000000014001c5d0 f   LIBCMTD:isctype.obj
 0001:0001b6e0       _isctype_l                 000000014001c6e0 f   LIBCMTD:isctype.obj
 0001:0001b8d0       memcpy                     000000014001c8d0 f   LIBCMTD:memcpy.obj
 0001:0001b8d0       memmove                    000000014001c8d0 f   LIBCMTD:memcpy.obj
 0001:0001be40       _free_base                 000000014001ce40 f   LIBCMTD:free.obj
 0001:0001bea0       _realloc_base              000000014001cea0 f   LIBCMTD:realloc.obj
 0001:0001bfc0       _expand_base               000000014001cfc0 f   LIBCMTD:expand.obj
 0001:0001c1a0       _CrtDbgReport              000000014001d1a0 f   LIBCMTD:dbgrpt.obj
 0001:0001c220       _CrtDbgReportV             000000014001d220 f i LIBCMTD:dbgrpt.obj
 0001:0001c280       __crtMessageWindowA        000000014001d280 f   LIBCMTD:dbgrpt.obj
 0001:0001c900       _heapchk                   000000014001d900 f   LIBCMTD:heapchk.obj
 0001:0001c940       _snprintf_s                000000014001d940 f   LIBCMTD:sprintf.obj
 0001:0001c9a0       sprintf_s                  000000014001d9a0 f   LIBCMTD:sprintf.obj
 0001:0001c9f0       _heap_alloc_base           000000014001d9f0 f i LIBCMTD:malloc.obj
 0001:0001ca60       _malloc_base               000000014001da60 f   LIBCMTD:malloc.obj
 0001:0001cb00       _sopen_helper              000000014001db00 f   LIBCMTD:open.obj
 0001:0001ce40       _sopen_nolock              000000014001de40 f   LIBCMTD:open.obj
 0001:0001cee0       _sopen_s                   000000014001dee0 f   LIBCMTD:open.obj
 0001:0001cf30       _mbsnbcmp                  000000014001df30 f   LIBCMTD:mbsnbcmp.obj
 0001:0001cf60       _mbsnbcmp_l                000000014001df60 f   LIBCMTD:mbsnbcmp.obj
 0001:0001d3d0       _mbsnbicmp                 000000014001e3d0 f   LIBCMTD:mbsnbicm.obj
 0001:0001d400       _mbsnbicmp_l               000000014001e400 f   LIBCMTD:mbsnbicm.obj
 0001:0001dba0       _getbuf                    000000014001eba0 f   LIBCMTD:_getbuf.obj
 0001:0001dcb0       _isatty                    000000014001ecb0 f   LIBCMTD:isatty.obj
 0001:0001ddc0       _lseeki64                  000000014001edc0 f   LIBCMTD:lseeki64.obj
 0001:0001e070       _lseeki64_nolock           000000014001f070 f   LIBCMTD:lseeki64.obj
 0001:0001e190       free                       000000014001f190 f   LIBCMTD:dbgfree.obj
 0001:0001e1b0       _isleadbyte_l              000000014001f1b0 f i LIBCMTD:_wctype.obj
 0001:0001e210       isleadbyte                 000000014001f210 f i LIBCMTD:_wctype.obj
 0001:0001e240       strlen                     000000014001f240 f   LIBCMTD:strlen.obj
 0001:0001e2f0       _get_printf_count_output   000000014001f2f0 f   LIBCMTD:printf.obj
 0001:0001e320       _wctomb_s_l                000000014001f320 f   LIBCMTD:wctomb.obj
 0001:0001e7c0       wctomb_s                   000000014001f7c0 f   LIBCMTD:wctomb.obj
 0001:0001e810       wcscat_s                   000000014001f810 f   LIBCMTD:wcscat_s.obj
 0001:0001ee40       wcsncpy_s                  000000014001fe40 f   LIBCMTD:wcsncpy_s.obj
 0001:0001f4e0       _fptrap                    00000001400204e0 f   LIBCMTD:crt0fp.obj
 0001:0001f500       abort                      0000000140020500 f   LIBCMTD:abort.obj
 0001:0001f590       _MallocaIsSizeInRange      0000000140020590 f i LIBCMTD:a_loc.obj
 0001:0001f5d0       _MarkAllocaS               00000001400205d0 f i LIBCMTD:a_loc.obj
 0001:0001f600       _freea                     0000000140020600 f i LIBCMTD:a_loc.obj
 0001:0001f690       GetTableIndexFromLocaleName 0000000140020690 f   LIBCMTD:winapinls.obj
 0001:0001f740       __crtDownlevelLocaleNameToLCID 0000000140020740 f   LIBCMTD:winapinls.obj
 0001:0001f7a0       __crtLCMapStringEx         00000001400207a0 f   LIBCMTD:winapinls.obj
 0001:0001f880       __wcsnicmp_ascii           0000000140020880 f   LIBCMTD:winapinls.obj
 0001:0001fe70       __crtLCMapStringA          0000000140020e70 f   LIBCMTD:a_map.obj
 0001:000200e0       __crtGetStringTypeA        00000001400210e0 f   LIBCMTD:a_str.obj
 0001:00020200       ?_GetEstablisherFrame@@YAPEA_KPEA_KPEAU_xDISPATCHER_CONTEXT@@PEBU_s_FuncInfo@@0@Z 0000000140021200 f   LIBCMTD:trnsctrl.obj
 0001:00020370       ?_GetRangeOfTrysToCheck@@YAPEBU_s_TryBlockMapEntry@@PEA_KPEBU_s_FuncInfo@@HHPEAI2PEAU_xDISPATCHER_CONTEXT@@@Z 0000000140021370 f   LIBCMTD:trnsctrl.obj
 0001:00020590       ?__FrameUnwindToEmptyState@@YAXPEA_KPEAU_xDISPATCHER_CONTEXT@@PEBU_s_FuncInfo@@@Z 0000000140021590 f   LIBCMTD:trnsctrl.obj
 0001:00020630       ?__SehTransFilter@@YAHPEAU_EXCEPTION_POINTERS@@PEAUEHExceptionRecord@@PEA_KPEAU_CONTEXT@@PEAU_xDISPATCHER_CONTEXT@@PEBU_s_FuncInfo@@PEAH@Z 0000000140021630 f   LIBCMTD:trnsctrl.obj
 0001:000206f0       _CallSETranslator          00000001400216f0 f   LIBCMTD:trnsctrl.obj
 0001:00020770       _CreateFrameInfo           0000000140021770 f   LIBCMTD:trnsctrl.obj
 0001:000207f0       _FindAndUnlinkFrame        00000001400217f0 f   LIBCMTD:trnsctrl.obj
 0001:00020880       _GetImageBase              0000000140021880 f   LIBCMTD:trnsctrl.obj
 0001:000208a0       _GetThrowImageBase         00000001400218a0 f   LIBCMTD:trnsctrl.obj
 0001:000208c0       _IsExceptionObjectToBeDestroyed 00000001400218c0 f   LIBCMTD:trnsctrl.obj
 0001:00020920       _SetImageBase              0000000140021920 f   LIBCMTD:trnsctrl.obj
 0001:00020940       _SetThrowImageBase         0000000140021940 f   LIBCMTD:trnsctrl.obj
 0001:00020960       _UnwindNestedFrames        0000000140021960 f   LIBCMTD:trnsctrl.obj
 0001:00020ad0       __CxxFrameHandler3         0000000140021ad0 f   LIBCMTD:trnsctrl.obj
 0001:00020d60       _handle_errorf             0000000140021d60 f   LIBCMTD:libm_error.obj
 0001:00020ee0       _isdigit_l                 0000000140021ee0 f i LIBCMTD:_ctype.obj
 0001:00020f80       isdigit                    0000000140021f80 f i LIBCMTD:_ctype.obj
 0001:00020fc0       _tolower_l                 0000000140021fc0 f   LIBCMTD:tolower.obj
 0001:00021320       tolower                    0000000140022320 f   LIBCMTD:tolower.obj
 0001:00021370       strcpy_s                   0000000140022370 f   LIBCMTD:strcpy_s.obj
 0001:00021810       strrchr                    0000000140022810 f   LIBCMTD:strrchr.obj
 0001:00021c30       _fptostr                   0000000140022c30 f   LIBCMTD:_fptostr.obj
 0001:00022090       __crt_atoflt_l             0000000140023090 f   LIBCMTD:atodbl.obj
 0001:00022230       _atodbl_l                  0000000140023230 f   LIBCMTD:atodbl.obj
 0001:000223b0       _atoflt_l                  00000001400233b0 f   LIBCMTD:atodbl.obj
 0001:000223e0       __dtold                    00000001400233e0 f   LIBCMTD:cfout.obj
 0001:00022590       _fltout2                   0000000140023590 f   LIBCMTD:cfout.obj
 0001:00022770       _ismbblead                 0000000140023770 f   LIBCMTD:ismbbyte.obj
 0001:000227a0       _mbtowc_l                  00000001400237a0 f   LIBCMTD:mbtowc.obj
 0001:00022ae0       mbtowc                     0000000140023ae0 f   LIBCMTD:mbtowc.obj
 0001:00022b10       _putwch_nolock             0000000140023b10 f   LIBCMTD:putwch.obj
 0001:00022b80       _vsnwprintf_s              0000000140023b80 f   LIBCMTD:vswprnc.obj
 0001:00022bd0       _vsnwprintf_s_l            0000000140023bd0 f   LIBCMTD:vswprnc.obj
 0001:00023180       _vswprintf_helper          0000000140024180 f   LIBCMTD:vswprnc.obj
 0001:000234d0       strcat_s                   00000001400244d0 f   LIBCMTD:strcat_s.obj
 0001:00023ae0       _itoa_s                    0000000140024ae0 f   LIBCMTD:xtoas.obj
 0001:00024110       _mbstowcs_l_helper         0000000140025110 f   LIBCMTD:mbstowcs.obj
 0001:00024680       _mbstowcs_s_l              0000000140025680 f   LIBCMTD:mbstowcs.obj
 0001:00024c10       mbstowcs_s                 0000000140025c10 f   LIBCMTD:mbstowcs.obj
 0001:00024cf0       _wcstombs_l_helper         0000000140025cf0 f   LIBCMTD:wcstombs.obj
 0001:00025500       _wcstombs_s_l              0000000140026500 f   LIBCMTD:wcstombs.obj
 0001:00025a00       wcstombs_s                 0000000140026a00 f   LIBCMTD:wcstombs.obj
 0001:00025a50       _itow_s                    0000000140026a50 f   LIBCMTD:xtows.obj
 0001:000260a0       __GSHandlerCheck_SEH       00000001400270a0 f   LIBCMTD:gshandlerseh.obj
 0001:00026160       __free_lconv_mon           0000000140027160 f   LIBCMTD:initmon.obj
 0001:00026370       __free_lconv_num           0000000140027370 f   LIBCMTD:initnum.obj
 0001:00026450       __free_lc_time             0000000140027450 f   LIBCMTD:inittime.obj
 0001:00026eb0       _locterm                   0000000140027eb0 f   LIBCMTD:wsetloca.obj
 0001:00027020       _wsopen_nolock             0000000140028020 f   LIBCMTD:wopen.obj
 0001:000284d0       strncmp                    00000001400294d0 f   LIBCMTD:strncmp.obj
 0001:00028550       __ascii_strnicmp           0000000140029550 f   LIBCMTD:strnicmp.obj
 0001:00028630       _strnicmp                  0000000140029630 f   LIBCMTD:strnicmp.obj
 0001:00028880       _strnicmp_l                0000000140029880 f   LIBCMTD:strnicmp.obj
 0001:00028c30       __DestructExceptionObject  0000000140029c30 f   LIBCMTD:frame.obj
 0001:00028d20       ??0bad_exception@std@@QEAA@AEBV01@@Z 0000000140029d20 f i LIBCMTD:frame.obj
 0001:00028d60       ??0bad_exception@std@@QEAA@PEBD@Z 0000000140029d60 f i LIBCMTD:frame.obj
 0001:00028da0       ??1bad_exception@std@@UEAA@XZ 0000000140029da0 f i LIBCMTD:frame.obj
 0001:00028dd0       ??_Gbad_exception@std@@UEAAPEAXI@Z 0000000140029dd0 f i LIBCMTD:frame.obj
 0001:00028dd0       ??_Ebad_exception@std@@UEAAPEAXI@Z 0000000140029dd0 f i LIBCMTD:frame.obj
 0001:00029da0       __AdjustPointer            000000014002ada0 f   LIBCMTD:frame.obj
 0001:00029e20       __BuildCatchObject         000000014002ae20 f   LIBCMTD:frame.obj
 0001:00029f60       __BuildCatchObjectHelper   000000014002af60 f   LIBCMTD:frame.obj
 0001:0002a390       __CxxCallCatchBlock        000000014002b390 f   LIBCMTD:frame.obj
 0001:0002a600       __FrameUnwindFilter        000000014002b600 f   LIBCMTD:frame.obj
 0001:0002a690       __FrameUnwindToState       000000014002b690 f   LIBCMTD:frame.obj
 0001:0002a8f0       __InternalCxxFrameHandler  000000014002b8f0 f   LIBCMTD:frame.obj
 0001:0002ad10       __TypeMatch                000000014002bd10 f   LIBCMTD:frame.obj
 0001:0002af00       ?__GetCurrentState@@YAHPEA_KPEAU_xDISPATCHER_CONTEXT@@PEBU_s_FuncInfo@@@Z 000000014002bf00 f   LIBCMTD:ehstate.obj
 0001:0002af60       ?__GetUnwindTryBlock@@YAHPEA_KPEAU_xDISPATCHER_CONTEXT@@PEBU_s_FuncInfo@@@Z 000000014002bf60 f   LIBCMTD:ehstate.obj
 0001:0002afb0       ?__SetState@@YAXPEA_KPEAU_xDISPATCHER_CONTEXT@@PEBU_s_FuncInfo@@H@Z 000000014002bfb0 f   LIBCMTD:ehstate.obj
 0001:0002afe0       ?__SetUnwindTryBlock@@YAXPEA_KPEAU_xDISPATCHER_CONTEXT@@PEBU_s_FuncInfo@@H@Z 000000014002bfe0 f   LIBCMTD:ehstate.obj
 0001:0002b050       ?__StateFromControlPc@@YAHPEBU_s_FuncInfo@@PEAU_xDISPATCHER_CONTEXT@@@Z 000000014002c050 f   LIBCMTD:ehstate.obj
 0001:0002b080       ?__StateFromIp@@YAHPEBU_s_FuncInfo@@PEAU_xDISPATCHER_CONTEXT@@_J@Z 000000014002c080 f   LIBCMTD:ehstate.obj
 0001:0002b160       _raise_exc_ex              000000014002c160 f   LIBCMTD:fpexcept.obj
 0001:0002b7e0       _raise_excf                000000014002c7e0 f   LIBCMTD:fpexcept.obj
 0001:0002b840       _set_errno_from_matherr    000000014002c840 f   LIBCMTD:fpexcept.obj
 0001:0002b890       _clrfp                     000000014002c890 f   LIBCMTD:fpctrl.obj
 0001:0002b8c0       _ctrlfp                    000000014002c8c0 f   LIBCMTD:fpctrl.obj
 0001:0002b970       _set_statfp                000000014002c970 f   LIBCMTD:fpctrl.obj
 0001:0002b9b0       _statfp                    000000014002c9b0 f   LIBCMTD:fpctrl.obj
 0001:0002b9e0       _matherr                   000000014002c9e0 f   LIBCMTD:matherr.obj
 0001:0002b9f0       _CopyMan                   000000014002c9f0 f i LIBCMTD:intrncvt.obj
 0001:0002ba60       _FillZeroMan               000000014002ca60 f i LIBCMTD:intrncvt.obj
 0001:0002baa0       _IncMan                    000000014002caa0 f i LIBCMTD:intrncvt.obj
 0001:0002bb80       _IsZeroMan                 000000014002cb80 f i LIBCMTD:intrncvt.obj
 0001:0002bbc0       _RoundMan                  000000014002cbc0 f i LIBCMTD:intrncvt.obj
 0001:0002bcd0       _ShrMan                    000000014002ccd0 f i LIBCMTD:intrncvt.obj
 0001:0002be10       _ZeroTail                  000000014002ce10 f i LIBCMTD:intrncvt.obj
 0001:0002bec0       __addl                     000000014002cec0 f i LIBCMTD:intrncvt.obj
 0001:0002bf20       _ld12cvt                   000000014002cf20 f i LIBCMTD:intrncvt.obj
 0001:0002c290       _ld12tod                   000000014002d290 f   LIBCMTD:intrncvt.obj
 0001:0002c2c0       _ld12tof                   000000014002d2c0 f   LIBCMTD:intrncvt.obj
 0001:0002c2f0       __ld12mul                  000000014002d2f0 f i LIBCMTD:strgtold.obj
 0001:0002c860       __multtenpow12             000000014002d860 f i LIBCMTD:strgtold.obj
 0001:0002c990       __shl_12                   000000014002d990 f i LIBCMTD:strgtold.obj
 0001:0002ca30       __shr_12                   000000014002da30 f i LIBCMTD:strgtold.obj
 0001:0002cad0       __strgtold12_l             000000014002dad0 f   LIBCMTD:strgtold.obj
 0001:0002d8b0       $I10_OUTPUT                000000014002e8b0 f   LIBCMTD:x10fout.obj
 0001:0002e170       __add_12                   000000014002f170 f i LIBCMTD:x10fout.obj
 0001:0002e250       __termconout               000000014002f250 f   LIBCMTD:initcon.obj
 0001:0002e280       __initconout               000000014002f280 f   LIBCMTD:initcon.obj
 0001:0002e2d0       _woutput_s_l               000000014002f2d0 f   LIBCMTD:woutputs.obj
 0001:0002fbc0       _fputwc_nolock             0000000140030bc0 f   LIBCMTD:fputwc.obj
 0001:00030030       memcmp                     0000000140031030 f   LIBCMTD:memcmp.obj
 0001:00030100       _chsize_nolock             0000000140031100 f   LIBCMTD:chsize.obj
 0001:00030390       _get_fmode                 0000000140031390 f   LIBCMTD:setmode.obj
 0001:00030460       _setmode_nolock            0000000140031460 f   LIBCMTD:setmode.obj
 0001:000307a0       ??3@YAXPEAX@Z              00000001400317a0 f   LIBCMTD:dbgdel.obj
 0001:00030880       strcmp                     0000000140031880 f   LIBCMTD:strcmp.obj
 0001:000308f0       ?_ValidateExecute@@YAHP6A_JXZ@Z 00000001400318f0 f   LIBCMTD:validate.obj
 0001:00030920       ?_ValidateRead@@YAHPEBXI@Z 0000000140031920 f   LIBCMTD:validate.obj
 0001:00030920       ?_ValidateWrite@@YAHPEAXI@Z 0000000140031920 f   LIBCMTD:validate.obj
 0001:00030960       _CallSettingFrame          0000000140031960 f   LIBCMTD:handlers.obj
 0001:000309a0       _GetNextInstrOffset        00000001400319a0 f   LIBCMTD:handlers.obj
 0001:000309b0       ??1type_info@@UEAA@XZ      00000001400319b0 f   LIBCMTD:typinfo.obj
 0001:000309e0       ??8type_info@@QEBA_NAEBV0@@Z 00000001400319e0 f   LIBCMTD:typinfo.obj
 0001:00030a30       ??_Etype_info@@UEAAPEAXI@Z 0000000140031a30 f i LIBCMTD:typinfo.obj
 0001:00030a30       ??_Gtype_info@@UEAAPEAXI@Z 0000000140031a30 f i LIBCMTD:typinfo.obj
 0001:00030a70       ??0exception@std@@QEAA@AEBQEBD@Z 0000000140031a70 f   LIBCMTD:stdexcpt.obj
 0001:00030ac0       ??0exception@std@@QEAA@AEBV01@@Z 0000000140031ac0 f   LIBCMTD:stdexcpt.obj
 0001:00030b10       ??1exception@std@@UEAA@XZ  0000000140031b10 f   LIBCMTD:stdexcpt.obj
 0001:00030b40       ??4exception@std@@QEAAAEAV01@AEBV01@@Z 0000000140031b40 f   LIBCMTD:stdexcpt.obj
 0001:00030bb0       ??_Gexception@std@@UEAAPEAXI@Z 0000000140031bb0 f i LIBCMTD:stdexcpt.obj
 0001:00030bb0       ??_Eexception@std@@UEAAPEAXI@Z 0000000140031bb0 f i LIBCMTD:stdexcpt.obj
 0001:00030bf0       ?_Copy_str@exception@std@@AEAAXPEBD@Z 0000000140031bf0 f   LIBCMTD:stdexcpt.obj
 0001:00030c60       ?_Tidy@exception@std@@AEAAXXZ 0000000140031c60 f   LIBCMTD:stdexcpt.obj
 0001:00030ca0       ?what@exception@std@@UEBAPEBDXZ 0000000140031ca0 f   LIBCMTD:stdexcpt.obj
 0001:00030ce0       _CxxThrowException         0000000140031ce0 f   LIBCMTD:throw.obj
 0001:00030e10       _get_fpsr                  0000000140031e10 f   LIBCMTD:fpsr.obj
 0001:00030e20       _set_fpsr                  0000000140031e20 f   LIBCMTD:fpsr.obj
 0001:00030e2a       _fclrf                     0000000140031e2a f   LIBCMTD:fpsr.obj
 0001:00030e3e       _frnd                      0000000140031e3e f   LIBCMTD:fpsr.obj
 0001:00030e60       __mtold12                  0000000140031e60 f   LIBCMTD:mantold.obj
 0001:00030ff0       _flswbuf                   0000000140031ff0 f   LIBCMTD:_flswbuf.obj
 0001:000313a0       ?_Type_info_dtor@type_info@@CAXPEAV1@@Z 00000001400323a0 f   LIBCMTD:typname.obj
 0001:000314b0       IsProcessorFeaturePresent  00000001400324b0 f   kernel32:KERNEL32.dll
 0001:000314b6       RtlUnwindEx                00000001400324b6 f   kernel32:KERNEL32.dll
 0002:00000000       __imp_StretchDIBits        0000000140033000     gdi32:GDI32.dll
 0002:00000008       \177GDI32_NULL_THUNK_DATA  0000000140033008     gdi32:GDI32.dll
 0002:00000010       __imp_RaiseException       0000000140033010     kernel32:KERNEL32.dll
 0002:00000018       __imp_RtlPcToFileHeader    0000000140033018     kernel32:KERNEL32.dll
 0002:00000020       __imp_CreateFileW          0000000140033020     kernel32:KERNEL32.dll
 0002:00000028       __imp_GetStringTypeW       0000000140033028     kernel32:KERNEL32.dll
 0002:00000030       __imp_SetEndOfFile         0000000140033030     kernel32:KERNEL32.dll
 0002:00000038       __imp_LCMapStringW         0000000140033038     kernel32:KERNEL32.dll
 0002:00000040       __imp_TlsAlloc             0000000140033040     kernel32:KERNEL32.dll
 0002:00000048       __imp_OutputDebugStringA   0000000140033048     kernel32:KERNEL32.dll
 0002:00000050       __imp_CloseHandle          0000000140033050     kernel32:KERNEL32.dll
 0002:00000058       __imp_Sleep                0000000140033058     kernel32:KERNEL32.dll
 0002:00000060       __imp_CreateThread         0000000140033060     kernel32:KERNEL32.dll
 0002:00000068       __imp_EncodePointer        0000000140033068     kernel32:KERNEL32.dll
 0002:00000070       __imp_DecodePointer        0000000140033070     kernel32:KERNEL32.dll
 0002:00000078       __imp_GetLastError         0000000140033078     kernel32:KERNEL32.dll
 0002:00000080       __imp_ExitProcess          0000000140033080     kernel32:KERNEL32.dll
 0002:00000088       __imp_GetModuleHandleExW   0000000140033088     kernel32:KERNEL32.dll
 0002:00000090       __imp_GetProcAddress       0000000140033090     kernel32:KERNEL32.dll
 0002:00000098       __imp_AreFileApisANSI      0000000140033098     kernel32:KERNEL32.dll
 0002:000000a0       __imp_MultiByteToWideChar  00000001400330a0     kernel32:KERNEL32.dll
 0002:000000a8       __imp_WideCharToMultiByte  00000001400330a8     kernel32:KERNEL32.dll
 0002:000000b0       __imp_GetCommandLineA      00000001400330b0     kernel32:KERNEL32.dll
 0002:000000b8       __imp_IsDebuggerPresent    00000001400330b8     kernel32:KERNEL32.dll
 0002:000000c0       __imp_IsProcessorFeaturePresent 00000001400330c0     kernel32:KERNEL32.dll
 0002:000000c8       __imp_EnterCriticalSection 00000001400330c8     kernel32:KERNEL32.dll
 0002:000000d0       __imp_LeaveCriticalSection 00000001400330d0     kernel32:KERNEL32.dll
 0002:000000d8       __imp_GetModuleFileNameW   00000001400330d8     kernel32:KERNEL32.dll
 0002:000000e0       __imp_HeapSize             00000001400330e0     kernel32:KERNEL32.dll
 0002:000000e8       __imp_HeapValidate         00000001400330e8     kernel32:KERNEL32.dll
 0002:000000f0       __imp_GetSystemInfo        00000001400330f0     kernel32:KERNEL32.dll
 0002:000000f8       __imp_RtlUnwindEx          00000001400330f8     kernel32:KERNEL32.dll
 0002:00000100       __imp_ReadFile             0000000140033100     kernel32:KERNEL32.dll
 0002:00000108       __imp_GetConsoleMode       0000000140033108     kernel32:KERNEL32.dll
 0002:00000110       __imp_ReadConsoleW         0000000140033110     kernel32:KERNEL32.dll
 0002:00000118       __imp_DeleteCriticalSection 0000000140033118     kernel32:KERNEL32.dll
 0002:00000120       __imp_RtlCaptureContext    0000000140033120     kernel32:KERNEL32.dll
 0002:00000128       __imp_RtlLookupFunctionEntry 0000000140033128     kernel32:KERNEL32.dll
 0002:00000130       __imp_RtlVirtualUnwind     0000000140033130     kernel32:KERNEL32.dll
 0002:00000138       __imp_UnhandledExceptionFilter 0000000140033138     kernel32:KERNEL32.dll
 0002:00000140       __imp_SetUnhandledExceptionFilter 0000000140033140     kernel32:KERNEL32.dll
 0002:00000148       __imp_SetLastError         0000000140033148     kernel32:KERNEL32.dll
 0002:00000150       __imp_InitializeCriticalSectionAndSpinCount 0000000140033150     kernel32:KERNEL32.dll
 0002:00000158       __imp_GetCurrentProcess    0000000140033158     kernel32:KERNEL32.dll
 0002:00000160       __imp_TerminateProcess     0000000140033160     kernel32:KERNEL32.dll
 0002:00000168       __imp_TlsGetValue          0000000140033168     kernel32:KERNEL32.dll
 0002:00000170       __imp_TlsSetValue          0000000140033170     kernel32:KERNEL32.dll
 0002:00000178       __imp_TlsFree              0000000140033178     kernel32:KERNEL32.dll
 0002:00000180       __imp_GetStartupInfoW      0000000140033180     kernel32:KERNEL32.dll
 0002:00000188       __imp_GetModuleHandleW     0000000140033188     kernel32:KERNEL32.dll
 0002:00000190       __imp_GetStdHandle         0000000140033190     kernel32:KERNEL32.dll
 0002:00000198       __imp_WriteFile            0000000140033198     kernel32:KERNEL32.dll
 0002:000001a0       __imp_LoadLibraryExW       00000001400331a0     kernel32:KERNEL32.dll
 0002:000001a8       __imp_IsValidCodePage      00000001400331a8     kernel32:KERNEL32.dll
 0002:000001b0       __imp_GetACP               00000001400331b0     kernel32:KERNEL32.dll
 0002:000001b8       __imp_GetOEMCP             00000001400331b8     kernel32:KERNEL32.dll
 0002:000001c0       __imp_GetCPInfo            00000001400331c0     kernel32:KERNEL32.dll
 0002:000001c8       __imp_GetCurrentThreadId   00000001400331c8     kernel32:KERNEL32.dll
 0002:000001d0       __imp_GetProcessHeap       00000001400331d0     kernel32:KERNEL32.dll
 0002:000001d8       __imp_GetFileType          00000001400331d8     kernel32:KERNEL32.dll
 0002:000001e0       __imp_GetModuleFileNameA   00000001400331e0     kernel32:KERNEL32.dll
 0002:000001e8       __imp_QueryPerformanceCounter 00000001400331e8     kernel32:KERNEL32.dll
 0002:000001f0       __imp_GetCurrentProcessId  00000001400331f0     kernel32:KERNEL32.dll
 0002:000001f8       __imp_GetSystemTimeAsFileTime 00000001400331f8     kernel32:KERNEL32.dll
 0002:00000200       __imp_GetEnvironmentStringsW 0000000140033200     kernel32:KERNEL32.dll
 0002:00000208       __imp_FreeEnvironmentStringsW 0000000140033208     kernel32:KERNEL32.dll
 0002:00000210       __imp_SetStdHandle         0000000140033210     kernel32:KERNEL32.dll
 0002:00000218       __imp_FlushFileBuffers     0000000140033218     kernel32:KERNEL32.dll
 0002:00000220       __imp_GetConsoleCP         0000000140033220     kernel32:KERNEL32.dll
 0002:00000228       __imp_OutputDebugStringW   0000000140033228     kernel32:KERNEL32.dll
 0002:00000230       __imp_WaitForSingleObjectEx 0000000140033230     kernel32:KERNEL32.dll
 0002:00000238       __imp_WriteConsoleW        0000000140033238     kernel32:KERNEL32.dll
 0002:00000240       __imp_HeapFree             0000000140033240     kernel32:KERNEL32.dll
 0002:00000248       __imp_HeapReAlloc          0000000140033248     kernel32:KERNEL32.dll
 0002:00000250       __imp_HeapQueryInformation 0000000140033250     kernel32:KERNEL32.dll
 0002:00000258       __imp_HeapAlloc            0000000140033258     kernel32:KERNEL32.dll
 0002:00000260       __imp_SetFilePointerEx     0000000140033260     kernel32:KERNEL32.dll
 0002:00000268       \177KERNEL32_NULL_THUNK_DATA 0000000140033268     kernel32:KERNEL32.dll
 0002:00000270       __imp_LoadCursorA          0000000140033270     user32:USER32.dll
 0002:00000278       __imp_GetClientRect        0000000140033278     user32:USER32.dll
 0002:00000280       __imp_EndPaint             0000000140033280     user32:USER32.dll
 0002:00000288       __imp_BeginPaint           0000000140033288     user32:USER32.dll
 0002:00000290       __imp_GetDC                0000000140033290     user32:USER32.dll
 0002:00000298       __imp_CreateWindowExA      0000000140033298     user32:USER32.dll
 0002:000002a0       __imp_RegisterClassA       00000001400332a0     user32:USER32.dll
 0002:000002a8       __imp_DefWindowProcA       00000001400332a8     user32:USER32.dll
 0002:000002b0       __imp_PeekMessageA         00000001400332b0     user32:USER32.dll
 0002:000002b8       __imp_DispatchMessageA     00000001400332b8     user32:USER32.dll
 0002:000002c0       __imp_TranslateMessage     00000001400332c0     user32:USER32.dll
 0002:000002c8       \177USER32_NULL_THUNK_DATA 00000001400332c8     user32:USER32.dll
 0002:000002d0       __xc_a                     00000001400332d0     LIBCMTD:crt0init.obj
 0002:000002e0       __xc_z                     00000001400332e0     LIBCMTD:crt0init.obj
 0002:000002e8       __xi_a                     00000001400332e8     LIBCMTD:crt0init.obj
 0002:00000320       __xi_z                     0000000140033320     LIBCMTD:crt0init.obj
 0002:00000328       __xp_a                     0000000140033328     LIBCMTD:crt0init.obj
 0002:00000348       __xp_z                     0000000140033348     LIBCMTD:crt0init.obj
 0002:00000350       __xt_a                     0000000140033350     LIBCMTD:crt0init.obj
 0002:00000358       __xt_z                     0000000140033358     LIBCMTD:crt0init.obj
 0002:00000398       ??_C@_02JDPG@rb?$AA@       0000000140033398     win32_cognition.obj
 0002:0000039c       ??_C@_05LAEONMC@data0?$AA@ 000000014003339c     win32_cognition.obj
 0002:000003a4       ??_C@_05BCBPNMID@data1?$AA@ 00000001400333a4     win32_cognition.obj
 0002:000003ac       ??_C@_05DJDCIPEA@data2?$AA@ 00000001400333ac     win32_cognition.obj
 0002:000003b4       ??_C@_05CACJLOAB@data3?$AA@ 00000001400333b4     win32_cognition.obj
 0002:000003bc       ??_C@_05GPGICIMG@data4?$AA@ 00000001400333bc     win32_cognition.obj
 0002:000003c4       ??_C@_05HGHDBJIH@data5?$AA@ 00000001400333c4     win32_cognition.obj
 0002:000003cc       ??_C@_05FNFOEKEE@data6?$AA@ 00000001400333cc     win32_cognition.obj
 0002:000003d4       ??_C@_05EEEFHLAF@data7?$AA@ 00000001400333d4     win32_cognition.obj
 0002:000003dc       ??_C@_05MDNNGHMK@data8?$AA@ 00000001400333dc     win32_cognition.obj
 0002:000003e4       ??_C@_05NKMGFGIL@data9?$AA@ 00000001400333e4     win32_cognition.obj
 0002:000003f0       ??_C@_0L@CIMLDNIG@Error?3?5?$CFf?6?$AA@ 00000001400333f0     win32_cognition.obj
 0002:00000400       ??_C@_0P@GJIIAEAI@CognitionClass?$AA@ 0000000140033400     win32_cognition.obj
 0002:00000410       ??_C@_08JDFEOLML@Haw?5Yeah?$AA@ 0000000140033410     win32_cognition.obj
 0002:0000041c       __real@3f800000            000000014003341c     win32_cognition.obj
 0002:00000420       __real@40000000            0000000140033420     win32_cognition.obj
 0002:00000424       __real@437f0000            0000000140033424     win32_cognition.obj
 0002:00000428       __real@46fffe00            0000000140033428     win32_cognition.obj
 0002:00000430       __xmm@3f8000003f8000003f8000003f800000 0000000140033430     win32_cognition.obj
 0002:00000440       __xmm@7fffffffffffffff7fffffffffffffff 0000000140033440     win32_cognition.obj
 0002:00000450       __xmm@80000000800000008000000080000000 0000000140033450     win32_cognition.obj
 0002:00000460       ??_C@_1CC@FADMNIL@?$AA?$CI?$AAs?$AAt?$AAr?$AAe?$AAa?$AAm?$AA?5?$AA?$CB?$AA?$DN?$AA?5?$AAN?$AAU?$AAL?$AAL?$AA?$CJ?$AA?$AA@ 0000000140033460     LIBCMTD:fclose.obj
 0002:00000484       ??_C@_15GANGMFKL@?$AA?$CF?$AAs?$AA?$AA@ 0000000140033484     LIBCMTD:fclose.obj
 0002:00000490       ??_C@_1FA@HHFEGMDA@?$AAf?$AA?3?$AA?2?$AAd?$AAd?$AA?2?$AAv?$AAc?$AAt?$AAo?$AAo?$AAl?$AAs?$AA?2?$AAc?$AAr?$AAt?$AA?2?$AAc?$AAr?$AAt?$AAw?$AA3?$AA2?$AA?2?$AAs?$AAt?$AAd?$AAi?$AAo?$AA?2?$AAf@ 0000000140033490     LIBCMTD:fclose.obj
 0002:000004e0       ??_C@_1O@EGMJNCOI@?$AAf?$AAc?$AAl?$AAo?$AAs?$AAe?$AA?$AA@ 00000001400334e0     LIBCMTD:fclose.obj
 0002:000004f0       ??_C@_1BM@JMKHIAHP@?$AA?$CI?$AAs?$AAt?$AAr?$AA?5?$AA?$CB?$AA?$DN?$AA?5?$AAN?$AAU?$AAL?$AAL?$AA?$CJ?$AA?$AA@ 00000001400334f0     LIBCMTD:fclose.obj
 0002:00000510       ??_C@_1BO@JINCABEC@?$AA_?$AAf?$AAc?$AAl?$AAo?$AAs?$AAe?$AA_?$AAn?$AAo?$AAl?$AAo?$AAc?$AAk?$AA?$AA@ 0000000140033510     LIBCMTD:fclose.obj
 0002:00000530       ??_C@_1BO@CLGIAEOJ@?$AA?$CI?$AAf?$AAi?$AAl?$AAe?$AA?5?$AA?$CB?$AA?$DN?$AA?5?$AAN?$AAU?$AAL?$AAL?$AA?$CJ?$AA?$AA@ 0000000140033530     LIBCMTD:fopen.obj
 0002:00000550       ??_C@_1EO@HOHPPGLK@?$AAf?$AA?3?$AA?2?$AAd?$AAd?$AA?2?$AAv?$AAc?$AAt?$AAo?$AAo?$AAl?$AAs?$AA?2?$AAc?$AAr?$AAt?$AA?2?$AAc?$AAr?$AAt?$AAw?$AA3?$AA2?$AA?2?$AAs?$AAt?$AAd?$AAi?$AAo?$AA?2?$AAf@ 0000000140033550     LIBCMTD:fopen.obj
 0002:000005a0       ??_C@_1BA@HNEAFMNL@?$AA_?$AAf?$AAs?$AAo?$AAp?$AAe?$AAn?$AA?$AA@ 00000001400335a0     LIBCMTD:fopen.obj
 0002:000005b0       ??_C@_1BO@MJMKAKCJ@?$AA?$CI?$AAm?$AAo?$AAd?$AAe?$AA?5?$AA?$CB?$AA?$DN?$AA?5?$AAN?$AAU?$AAL?$AAL?$AA?$CJ?$AA?$AA@ 00000001400335b0     LIBCMTD:fopen.obj
 0002:000005d0       ??_C@_1CI@HBNALCBB@?$AA?$CI?$AA?$CK?$AAm?$AAo?$AAd?$AAe?$AA?5?$AA?$CB?$AA?$DN?$AA?5?$AA_?$AAT?$AA?$CI?$AA?8?$AA?2?$AA0?$AA?8?$AA?$CJ?$AA?$CJ?$AA?$AA@ 00000001400335d0     LIBCMTD:fopen.obj
 0002:00000600       ??_C@_1EO@KDKHJMND@?$AAf?$AA?3?$AA?2?$AAd?$AAd?$AA?2?$AAv?$AAc?$AAt?$AAo?$AAo?$AAl?$AAs?$AA?2?$AAc?$AAr?$AAt?$AA?2?$AAc?$AAr?$AAt?$AAw?$AA3?$AA2?$AA?2?$AAs?$AAt?$AAd?$AAi?$AAo?$AA?2?$AAf@ 0000000140033600     LIBCMTD:fread.obj
 0002:00000650       ??_C@_1BA@CMLCEIGG@?$AAf?$AAr?$AAe?$AAa?$AAd?$AA_?$AAs?$AA?$AA@ 0000000140033650     LIBCMTD:fread.obj
 0002:00000660       ??_C@_1CC@CGFEEBMC@?$AA?$CI?$AAb?$AAu?$AAf?$AAf?$AAe?$AAr?$AA?5?$AA?$CB?$AA?$DN?$AA?5?$AAN?$AAU?$AAL?$AAL?$AA?$CJ?$AA?$AA@ 0000000140033660     LIBCMTD:fread.obj
 0002:00000688       ??_C@_1CA@IDPOGFL@?$AA_?$AAf?$AAr?$AAe?$AAa?$AAd?$AA_?$AAn?$AAo?$AAl?$AAo?$AAc?$AAk?$AA_?$AAs?$AA?$AA@ 0000000140033688     LIBCMTD:fread.obj
 0002:000006b0       ??_C@_1EA@FAMECDND@?$AAn?$AAu?$AAm?$AA?5?$AA?$DM?$AA?$DN?$AA?5?$AA?$CI?$AAS?$AAI?$AAZ?$AAE?$AA_?$AAM?$AAA?$AAX?$AA?5?$AA?1?$AA?5?$AAe?$AAl?$AAe?$AAm?$AAe?$AAn?$AAt?$AAS?$AAi?$AAz?$AAe?$AA?$CJ?$AA?$AA@ 00000001400336b0     LIBCMTD:fread.obj
 0002:000006f0       ??_C@_1LG@DCNDJCHK@?$AA?$CI?$AA?$CC?$AAI?$AAn?$AAc?$AAo?$AAn?$AAs?$AAi?$AAs?$AAt?$AAe?$AAn?$AAt?$AA?5?$AAS?$AAt?$AAr?$AAe?$AAa?$AAm?$AA?5?$AAC?$AAo?$AAu?$AAn?$AAt?$AA?4?$AA?5?$AAF?$AAl?$AAu@ 00000001400336f0     LIBCMTD:fread.obj
 0002:000007a8       ??_C@_1DA@DKEFLDMG@?$AA?$CI?$AA?$CC?$AAb?$AAu?$AAf?$AAf?$AAe?$AAr?$AA?5?$AAt?$AAo?$AAo?$AA?5?$AAs?$AAm?$AAa?$AAl?$AAl?$AA?$CC?$AA?0?$AA?5?$AA0?$AA?$CJ?$AA?$AA@ 00000001400337a8     LIBCMTD:fread.obj
 0002:000007d8       ??_C@_1CC@MGIEJOME@?$AA?$CI?$AAf?$AAo?$AAr?$AAm?$AAa?$AAt?$AA?5?$AA?$CB?$AA?$DN?$AA?5?$AAN?$AAU?$AAL?$AAL?$AA?$CJ?$AA?$AA@ 00000001400337d8     LIBCMTD:vsnprnc.obj
 0002:00000800       ??_C@_1FE@CKCGICM@?$AAf?$AA?3?$AA?2?$AAd?$AAd?$AA?2?$AAv?$AAc?$AAt?$AAo?$AAo?$AAl?$AAs?$AA?2?$AAc?$AAr?$AAt?$AA?2?$AAc?$AAr?$AAt?$AAw?$AA3?$AA2?$AA?2?$AAs?$AAt?$AAd?$AAi?$AAo?$AA?2?$AAv@ 0000000140033800     LIBCMTD:vsnprnc.obj
 0002:00000858       ??_C@_1CE@PCFPEIFI@?$AA_?$AAv?$AAs?$AAn?$AAp?$AAr?$AAi?$AAn?$AAt?$AAf?$AA_?$AAh?$AAe?$AAl?$AAp?$AAe?$AAr?$AA?$AA@ 0000000140033858     LIBCMTD:vsnprnc.obj
 0002:00000880       ??_C@_1EC@FABAOFFO@?$AA?$CI?$AAc?$AAo?$AAu?$AAn?$AAt?$AA?5?$AA?$DN?$AA?$DN?$AA?5?$AA0?$AA?$CJ?$AA?5?$AA?$HM?$AA?$HM?$AA?5?$AA?$CI?$AAs?$AAt?$AAr?$AAi?$AAn?$AAg?$AA?5?$AA?$CB?$AA?$DN?$AA?5?$AAN?$AAU?$AAL?$AAL?$AA?$CJ@ 0000000140033880     LIBCMTD:vsnprnc.obj
 0002:000008c8       ??_C@_1BO@MLMCMBKN@?$AAf?$AAo?$AAr?$AAm?$AAa?$AAt?$AA?5?$AA?$CB?$AA?$DN?$AA?5?$AAN?$AAU?$AAL?$AAL?$AA?$AA@ 00000001400338c8     LIBCMTD:vsnprnc.obj
 0002:000008e8       ??_C@_1BM@BLJALHEF@?$AA_?$AAv?$AAs?$AAp?$AAr?$AAi?$AAn?$AAt?$AAf?$AA_?$AAs?$AA_?$AAl?$AA?$AA@ 00000001400338e8     LIBCMTD:vsnprnc.obj
 0002:00000910       ??_C@_1EE@OKCKIGFK@?$AAs?$AAt?$AAr?$AAi?$AAn?$AAg?$AA?5?$AA?$CB?$AA?$DN?$AA?5?$AAN?$AAU?$AAL?$AAL?$AA?5?$AA?$CG?$AA?$CG?$AA?5?$AAs?$AAi?$AAz?$AAe?$AAI?$AAn?$AAB?$AAy?$AAt?$AAe?$AAs?$AA?5?$AA?$DO?$AA?5@ 0000000140033910     LIBCMTD:vsnprnc.obj
 0002:00000958       ??_C@_1DA@HPBFKMEB@?$AA?$CI?$AA?$CC?$AAB?$AAu?$AAf?$AAf?$AAe?$AAr?$AA?5?$AAt?$AAo?$AAo?$AA?5?$AAs?$AAm?$AAa?$AAl?$AAl?$AA?$CC?$AA?0?$AA?5?$AA0?$AA?$CJ?$AA?$AA@ 0000000140033958     LIBCMTD:vsnprnc.obj
 0002:00000988       ??_C@_1BO@MMPELNIM@?$AA_?$AAv?$AAs?$AAn?$AAp?$AAr?$AAi?$AAn?$AAt?$AAf?$AA_?$AAs?$AA_?$AAl?$AA?$AA@ 0000000140033988     LIBCMTD:vsnprnc.obj
 0002:000009a8       ??_C@_1BI@BGOHAHKC@?$AAm?$AAs?$AAc?$AAo?$AAr?$AAe?$AAe?$AA?4?$AAd?$AAl?$AAl?$AA?$AA@ 00000001400339a8     LIBCMTD:crt0dat.obj
 0002:000009c0       ??_C@_0P@MIGLKIOC@CorExitProcess?$AA@ 00000001400339c0     LIBCMTD:crt0dat.obj
 0002:000009d0       ??_C@_1FG@MHCBBJEK@?$AAf?$AA?3?$AA?2?$AAd?$AAd?$AA?2?$AAv?$AAc?$AAt?$AAo?$AAo?$AAl?$AAs?$AA?2?$AAc?$AAr?$AAt?$AA?2?$AAc?$AAr?$AAt?$AAw?$AA3?$AA2?$AA?2?$AAs?$AAt?$AAa?$AAr?$AAt?$AAu?$AAp@ 00000001400339d0     LIBCMTD:crt0dat.obj
 0002:00000a28       ??_C@_1BK@DJNILIMN@?$AAp?$AAa?$AAt?$AAh?$AA?5?$AA?$CB?$AA?$DN?$AA?5?$AAN?$AAU?$AAL?$AAL?$AA?$AA@ 0000000140033a28     LIBCMTD:crt0dat.obj
 0002:00000a48       ??_C@_1DG@KANBJOCK@?$AA_?$AA_?$AAc?$AAo?$AAp?$AAy?$AA_?$AAp?$AAa?$AAt?$AAh?$AA_?$AAt?$AAo?$AA_?$AAw?$AAi?$AAd?$AAe?$AA_?$AAs?$AAt?$AAr?$AAi?$AAn?$AAg?$AA?$AA@ 0000000140033a48     LIBCMTD:crt0dat.obj
 0002:00000a80       ??_C@_1CA@BGODLPHH@?$AAo?$AAu?$AAt?$AAP?$AAa?$AAt?$AAh?$AA?5?$AA?$CB?$AA?$DN?$AA?5?$AAN?$AAU?$AAL?$AAL?$AA?$AA@ 0000000140033a80     LIBCMTD:crt0dat.obj
 0002:00000aa0       ??_C@_0CL@LMMOJFEN@f?3?2dd?2vctools?2crt?2crtw32?2startup@ 0000000140033aa0     LIBCMTD:crt0dat.obj
 0002:00000b80       _FPinit                    0000000140033b80     LIBCMTD:fpinit.obj
 0002:00000b90       ??_C@_1FA@CKEACION@?$AAf?$AA?3?$AA?2?$AAd?$AAd?$AA?2?$AAv?$AAc?$AAt?$AAo?$AAo?$AAl?$AAs?$AA?2?$AAc?$AAr?$AAt?$AA?2?$AAc?$AAr?$AAt?$AAw?$AA3?$AA2?$AA?2?$AAs?$AAt?$AAd?$AAi?$AAo?$AA?2?$AAf@ 0000000140033b90     LIBCMTD:fileno.obj
 0002:00000be0       ??_C@_1BA@JGHIEKKM@?$AA_?$AAf?$AAi?$AAl?$AAe?$AAn?$AAo?$AA?$AA@ 0000000140033be0     LIBCMTD:fileno.obj
 0002:00000bf0       ??_C@_0CH@FPHLCLAF@f?3?2dd?2vctools?2crt?2crtw32?2stdio?2_@ 0000000140033bf0     LIBCMTD:_file.obj
 0002:00000c20       ??_C@_1FO@LPCLHKGE@?$AA?$CI?$AAf?$AAh?$AA?5?$AA?$DO?$AA?$DN?$AA?5?$AA0?$AA?5?$AA?$CG?$AA?$CG?$AA?5?$AA?$CI?$AAu?$AAn?$AAs?$AAi?$AAg?$AAn?$AAe?$AAd?$AA?$CJ?$AAf?$AAh?$AA?5?$AA?$DM?$AA?5?$AA?$CI?$AAu?$AAn?$AAs?$AAi@ 0000000140033c20     LIBCMTD:close.obj
 0002:00000c80       ??_C@_1EO@EJLBBGEB@?$AAf?$AA?3?$AA?2?$AAd?$AAd?$AA?2?$AAv?$AAc?$AAt?$AAo?$AAo?$AAl?$AAs?$AA?2?$AAc?$AAr?$AAt?$AA?2?$AAc?$AAr?$AAt?$AAw?$AA3?$AA2?$AA?2?$AAl?$AAo?$AAw?$AAi?$AAo?$AA?2?$AAc@ 0000000140033c80     LIBCMTD:close.obj
 0002:00000cd0       ??_C@_1O@EDEJGJBM@?$AA_?$AAc?$AAl?$AAo?$AAs?$AAe?$AA?$AA@ 0000000140033cd0     LIBCMTD:close.obj
 0002:00000ce0       ??_C@_1CM@OKGMMMDH@?$AA?$CI?$AA_?$AAo?$AAs?$AAf?$AAi?$AAl?$AAe?$AA?$CI?$AAf?$AAh?$AA?$CJ?$AA?5?$AA?$CG?$AA?5?$AAF?$AAO?$AAP?$AAE?$AAN?$AA?$CJ?$AA?$AA@ 0000000140033ce0     LIBCMTD:close.obj
 0002:00000d10       ??_C@_1JE@ECKHFIFP@?$AA?$CI?$AA?$CC?$AAI?$AAn?$AAv?$AAa?$AAl?$AAi?$AAd?$AA?5?$AAf?$AAi?$AAl?$AAe?$AA?5?$AAd?$AAe?$AAs?$AAc?$AAr?$AAi?$AAp?$AAt?$AAo?$AAr?$AA?4?$AA?5?$AAF?$AAi?$AAl?$AAe?$AA?5@ 0000000140033d10     LIBCMTD:close.obj
 0002:00000da8       ??_C@_1BO@KIJENGPH@?$AAs?$AAt?$AAr?$AAe?$AAa?$AAm?$AA?5?$AA?$CB?$AA?$DN?$AA?5?$AAN?$AAU?$AAL?$AAL?$AA?$AA@ 0000000140033da8     LIBCMTD:_freebuf.obj
 0002:00000dd0       ??_C@_1FE@DBCNNJOP@?$AAf?$AA?3?$AA?2?$AAd?$AAd?$AA?2?$AAv?$AAc?$AAt?$AAo?$AAo?$AAl?$AAs?$AA?2?$AAc?$AAr?$AAt?$AA?2?$AAc?$AAr?$AAt?$AAw?$AA3?$AA2?$AA?2?$AAs?$AAt?$AAd?$AAi?$AAo?$AA?2?$AA_@ 0000000140033dd0     LIBCMTD:_freebuf.obj
 0002:00000e40       ??_C@_1BA@GLMCNLEM@?$AAW?$AAa?$AAr?$AAn?$AAi?$AAn?$AAg?$AA?$AA@ 0000000140033e40     LIBCMTD:dbgrptw.obj
 0002:00000e50       ??_C@_1M@ILHOPKA@?$AAE?$AAr?$AAr?$AAo?$AAr?$AA?$AA@ 0000000140033e50     LIBCMTD:dbgrptw.obj
 0002:00000e60       ??_C@_1CC@CGHMNGDG@?$AAA?$AAs?$AAs?$AAe?$AAr?$AAt?$AAi?$AAo?$AAn?$AA?5?$AAF?$AAa?$AAi?$AAl?$AAe?$AAd?$AA?$AA@ 0000000140033e60     LIBCMTD:dbgrptw.obj
 0002:00000e88       ??_C@_17LGKOMLJ@?$AA?4?$AA?4?$AA?4?$AA?$AA@ 0000000140033e88     LIBCMTD:dbgrptw.obj
 0002:00000e90       ??_C@_1EO@JACJHHCK@?$AAf?$AA?3?$AA?2?$AAd?$AAd?$AA?2?$AAv?$AAc?$AAt?$AAo?$AAo?$AAl?$AAs?$AA?2?$AAc?$AAr?$AAt?$AA?2?$AAc?$AAr?$AAt?$AAw?$AA3?$AA2?$AA?2?$AAm?$AAi?$AAs?$AAc?$AA?2?$AAd?$AAb@ 0000000140033e90     LIBCMTD:dbgrptw.obj
 0002:00000ee0       ??_C@_1CI@PGJIFDEK@?$AA_?$AA_?$AAc?$AAr?$AAt?$AAM?$AAe?$AAs?$AAs?$AAa?$AAg?$AAe?$AAW?$AAi?$AAn?$AAd?$AAo?$AAw?$AAW?$AA?$AA@ 0000000140033ee0     LIBCMTD:dbgrptw.obj
 0002:00000f10       ??_C@_1GI@DEDNNLCI@?$AAw?$AAc?$AAs?$AAc?$AAp?$AAy?$AA_?$AAs?$AA?$CI?$AAs?$AAz?$AAE?$AAx?$AAe?$AAN?$AAa?$AAm?$AAe?$AA?0?$AA?5?$AA2?$AA6?$AA0?$AA?0?$AA?5?$AAL?$AA?$CC?$AA?$DM?$AAp?$AAr?$AAo?$AAg@ 0000000140033f10     LIBCMTD:dbgrptw.obj
 0002:00000f78       ??_C@_1CO@EAEJAADC@?$AA?$DM?$AAp?$AAr?$AAo?$AAg?$AAr?$AAa?$AAm?$AA?5?$AAn?$AAa?$AAm?$AAe?$AA?5?$AAu?$AAn?$AAk?$AAn?$AAo?$AAw?$AAn?$AA?$DO?$AA?$AA@ 0000000140033f78     LIBCMTD:dbgrptw.obj
 0002:00000fb0       ??_C@_1NO@LECLLHOL@?$AAm?$AAe?$AAm?$AAc?$AAp?$AAy?$AA_?$AAs?$AA?$CI?$AAs?$AAz?$AAS?$AAh?$AAo?$AAr?$AAt?$AAP?$AAr?$AAo?$AAg?$AAN?$AAa?$AAm?$AAe?$AA?0?$AA?5?$AAs?$AAi?$AAz?$AAe?$AAo?$AAf@ 0000000140033fb0     LIBCMTD:dbgrptw.obj
 0002:00001090       ??_C@_1OG@PMPPFHAF@?$AA?6?$AA?6?$AAF?$AAo?$AAr?$AA?5?$AAi?$AAn?$AAf?$AAo?$AAr?$AAm?$AAa?$AAt?$AAi?$AAo?$AAn?$AA?5?$AAo?$AAn?$AA?5?$AAh?$AAo?$AAw?$AA?5?$AAy?$AAo?$AAu?$AAr?$AA?5?$AAp?$AAr@ 0000000140034090     LIBCMTD:dbgrptw.obj
 0002:00001178       ??_C@_11LOCGONAA@?$AA?$AA@ 0000000140034178     LIBCMTD:dbgrptw.obj
 0002:00001180       ??_C@_1BK@PEDCIPMA@?$AAE?$AAx?$AAp?$AAr?$AAe?$AAs?$AAs?$AAi?$AAo?$AAn?$AA?3?$AA?5?$AA?$AA@ 0000000140034180     LIBCMTD:dbgrptw.obj
 0002:0000119c       ??_C@_15IABLJNFO@?$AA?6?$AA?6?$AA?$AA@ 000000014003419c     LIBCMTD:dbgrptw.obj
 0002:000011a8       ??_C@_1BA@GLLGCPCK@?$AA?6?$AAL?$AAi?$AAn?$AAe?$AA?3?$AA?5?$AA?$AA@ 00000001400341a8     LIBCMTD:dbgrptw.obj
 0002:000011b8       ??_C@_1BA@LNHECFIM@?$AA?6?$AAF?$AAi?$AAl?$AAe?$AA?3?$AA?5?$AA?$AA@ 00000001400341b8     LIBCMTD:dbgrptw.obj
 0002:000011c8       ??_C@_1BE@CGCJKGHI@?$AA?6?$AAM?$AAo?$AAd?$AAu?$AAl?$AAe?$AA?3?$AA?5?$AA?$AA@ 00000001400341c8     LIBCMTD:dbgrptw.obj
 0002:000011e0       ??_C@_1KM@HNMIBKJH@?$AAD?$AAe?$AAb?$AAu?$AAg?$AA?5?$AA?$CF?$AAs?$AA?$CB?$AA?6?$AA?6?$AAP?$AAr?$AAo?$AAg?$AAr?$AAa?$AAm?$AA?3?$AA?5?$AA?$CF?$AAs?$AA?$CF?$AAs?$AA?$CF?$AAs?$AA?$CF?$AAs?$AA?$CF?$AAs?$AA?$CF?$AAs@ 00000001400341e0     LIBCMTD:dbgrptw.obj
 0002:00001290       ??_C@_1BI@KALLJECN@?$AA?$CI?$AA?$CK?$AA_?$AAe?$AAr?$AAr?$AAn?$AAo?$AA?$CI?$AA?$CJ?$AA?$CJ?$AA?$AA@ 0000000140034290     LIBCMTD:dbgrptw.obj
 0002:000012b0       ??_C@_1JI@EACPGHID@?$AAw?$AAc?$AAs?$AAc?$AAp?$AAy?$AA_?$AAs?$AA?$CI?$AAs?$AAz?$AAO?$AAu?$AAt?$AAM?$AAe?$AAs?$AAs?$AAa?$AAg?$AAe?$AA?0?$AA?5?$AA4?$AA0?$AA9?$AA6?$AA?0?$AA?5?$AAL?$AA?$CC?$AA_@ 00000001400342b0     LIBCMTD:dbgrptw.obj
 0002:00001350       ??_C@_1FG@BBOLDHGF@?$AA_?$AAC?$AAr?$AAt?$AAD?$AAb?$AAg?$AAR?$AAe?$AAp?$AAo?$AAr?$AAt?$AA?3?$AA?5?$AAS?$AAt?$AAr?$AAi?$AAn?$AAg?$AA?5?$AAt?$AAo?$AAo?$AA?5?$AAl?$AAo?$AAn?$AAg?$AA?5?$AAo@ 0000000140034350     LIBCMTD:dbgrptw.obj
 0002:000013b0       ??_C@_1EK@MBDPDCGA@?$AAM?$AAi?$AAc?$AAr?$AAo?$AAs?$AAo?$AAf?$AAt?$AA?5?$AAV?$AAi?$AAs?$AAu?$AAa?$AAl?$AA?5?$AAC?$AA?$CL?$AA?$CL?$AA?5?$AAR?$AAu?$AAn?$AAt?$AAi?$AAm?$AAe?$AA?5?$AAL?$AAi?$AAb@ 00000001400343b0     LIBCMTD:dbgrptw.obj
 0002:00001428       ??_C@_04HJMOFLDF@Free?$AA@ 0000000140034428     LIBCMTD:dbgheap.obj
 0002:00001430       ??_C@_06EFAGIKOH@Normal?$AA@ 0000000140034430     LIBCMTD:dbgheap.obj
 0002:00001438       ??_C@_03OGPFLFLO@CRT?$AA@  0000000140034438     LIBCMTD:dbgheap.obj
 0002:0000143c       ??_C@_06KMEJCCGM@Ignore?$AA@ 000000014003443c     LIBCMTD:dbgheap.obj
 0002:00001444       ??_C@_06PJIGMIJB@Client?$AA@ 0000000140034444     LIBCMTD:dbgheap.obj
 0002:00001450       ??_C@_1CE@LJFEPPMP@?$AA_?$AAC?$AAr?$AAt?$AAC?$AAh?$AAe?$AAc?$AAk?$AAM?$AAe?$AAm?$AAo?$AAr?$AAy?$AA?$CI?$AA?$CJ?$AA?$AA@ 0000000140034450     LIBCMTD:dbgheap.obj
 0002:00001480       ??_C@_1FA@JKEKCOIC@?$AAf?$AA?3?$AA?2?$AAd?$AAd?$AA?2?$AAv?$AAc?$AAt?$AAo?$AAo?$AAl?$AAs?$AA?2?$AAc?$AAr?$AAt?$AA?2?$AAc?$AAr?$AAt?$AAw?$AA3?$AA2?$AA?2?$AAm?$AAi?$AAs?$AAc?$AA?2?$AAd?$AAb@ 0000000140034480     LIBCMTD:dbgheap.obj
 0002:000014d0       ??_C@_0DF@BBEGIFEK@Client?5hook?5allocation?5failure?5a@ 00000001400344d0     LIBCMTD:dbgheap.obj
 0002:00001508       ??_C@_0CB@CCLOLAHO@Client?5hook?5allocation?5failure?4?6@ 0000000140034508     LIBCMTD:dbgheap.obj
 0002:0000152c       ??_C@_02DKCKIIND@?$CFs?$AA@ 000000014003452c     LIBCMTD:dbgheap.obj
 0002:00001530       ??_C@_0CF@BICKFLAF@Invalid?5allocation?5size?3?5?$CFIu?5byt@ 0000000140034530     LIBCMTD:dbgheap.obj
 0002:00001558       ??_C@_0DC@JEMAGEKG@Error?3?5memory?5allocation?3?5bad?5me@ 0000000140034558     LIBCMTD:dbgheap.obj
 0002:00001590       ??_C@_0DI@KKJPDPGM@Client?5hook?5re?9allocation?5failur@ 0000000140034590     LIBCMTD:dbgheap.obj
 0002:000015c8       ??_C@_0CE@DOFMDOL@Client?5hook?5re?9allocation?5failur@ 00000001400345c8     LIBCMTD:dbgheap.obj
 0002:000015f0       ??_C@_0ED@GPCPBAGP@Invalid?5allocation?5size?3?5?$CFIu?5byt@ 00000001400345f0     LIBCMTD:dbgheap.obj
 0002:00001640       ??_C@_0FA@EFEIGJKG@Error?3?5memory?5allocation?3?5bad?5me@ 0000000140034640     LIBCMTD:dbgheap.obj
 0002:00001690       ??_C@_0EM@LGFLMAGJ@The?5Block?5at?50x?$CFp?5was?5allocated?5@ 0000000140034690     LIBCMTD:dbgheap.obj
 0002:000016e0       ??_C@_1EE@GFOPCECE@?$AA_?$AAC?$AAr?$AAt?$AAI?$AAs?$AAV?$AAa?$AAl?$AAi?$AAd?$AAH?$AAe?$AAa?$AAp?$AAP?$AAo?$AAi?$AAn?$AAt?$AAe?$AAr?$AA?$CI?$AAp?$AAU?$AAs?$AAe?$AAr?$AAD?$AAa?$AAt?$AAa@ 00000001400346e0     LIBCMTD:dbgheap.obj
 0002:00001730       ??_C@_1IK@DCPKDGNH@?$AAp?$AAO?$AAl?$AAd?$AAB?$AAl?$AAo?$AAc?$AAk?$AA?9?$AA?$DO?$AAn?$AAL?$AAi?$AAn?$AAe?$AA?5?$AA?$DN?$AA?$DN?$AA?5?$AAI?$AAG?$AAN?$AAO?$AAR?$AAE?$AA_?$AAL?$AAI?$AAN?$AAE?$AA?5@ 0000000140034730     LIBCMTD:dbgheap.obj
 0002:000017c0       ??_C@_0DA@HFBKENN@Error?3?5possible?5heap?5corruption?5@ 00000001400347c0     LIBCMTD:dbgheap.obj
 0002:000017f0       ??_C@_1GE@PCKLOLAO@?$AAf?$AAR?$AAe?$AAa?$AAl?$AAl?$AAo?$AAc?$AA?5?$AA?$HM?$AA?$HM?$AA?5?$AA?$CI?$AA?$CB?$AAf?$AAR?$AAe?$AAa?$AAl?$AAl?$AAo?$AAc?$AA?5?$AA?$CG?$AA?$CG?$AA?5?$AAp?$AAN?$AAe?$AAw?$AAB?$AAl@ 00000001400347f0     LIBCMTD:dbgheap.obj
 0002:00001858       ??_C@_1DC@GEFKNOOL@?$AA_?$AAp?$AAL?$AAa?$AAs?$AAt?$AAB?$AAl?$AAo?$AAc?$AAk?$AA?5?$AA?$DN?$AA?$DN?$AA?5?$AAp?$AAO?$AAl?$AAd?$AAB?$AAl?$AAo?$AAc?$AAk?$AA?$AA@ 0000000140034858     LIBCMTD:dbgheap.obj
 0002:00001890       ??_C@_1DE@KOOKLFBB@?$AA_?$AAp?$AAF?$AAi?$AAr?$AAs?$AAt?$AAB?$AAl?$AAo?$AAc?$AAk?$AA?5?$AA?$DN?$AA?$DN?$AA?5?$AAp?$AAO?$AAl?$AAd?$AAB?$AAl?$AAo?$AAc?$AAk?$AA?$AA@ 0000000140034890     LIBCMTD:dbgheap.obj
 0002:000018c8       ??_C@_1CE@CJACEFBA@?$AAp?$AAU?$AAs?$AAe?$AAr?$AAD?$AAa?$AAt?$AAa?$AA?5?$AA?$CB?$AA?$DN?$AA?5?$AAN?$AAU?$AAL?$AAL?$AA?$AA@ 00000001400348c8     LIBCMTD:dbgheap.obj
 0002:000018f0       ??_C@_0EJ@HEIBCIMJ@The?5Block?5at?50x?$CFp?5was?5allocated?5@ 00000001400348f0     LIBCMTD:dbgheap.obj
 0002:00001940       ??_C@_0BL@KEIPLFAC@Client?5hook?5free?5failure?4?6?$AA@ 0000000140034940     LIBCMTD:dbgheap.obj
 0002:00001960       ??_C@_1EO@LHDAJOCM@?$AA_?$AAB?$AAL?$AAO?$AAC?$AAK?$AA_?$AAT?$AAY?$AAP?$AAE?$AA_?$AAI?$AAS?$AA_?$AAV?$AAA?$AAL?$AAI?$AAD?$AA?$CI?$AAp?$AAH?$AAe?$AAa?$AAd?$AA?9?$AA?$DO?$AAn?$AAB?$AAl?$AAo@ 0000000140034960     LIBCMTD:dbgheap.obj
 0002:000019b0       ??_C@_0KI@JGFOHMEB@HEAP?5CORRUPTION?5DETECTED?3?5before@ 00000001400349b0     LIBCMTD:dbgheap.obj
 0002:00001a60       ??_C@_0IK@PJCGLBOB@HEAP?5CORRUPTION?5DETECTED?3?5before@ 0000000140034a60     LIBCMTD:dbgheap.obj
 0002:00001af0       ??_C@_0KE@MBMNHHHN@HEAP?5CORRUPTION?5DETECTED?3?5after?5@ 0000000140034af0     LIBCMTD:dbgheap.obj
 0002:00001ba0       ??_C@_0IG@LEMBDCJK@HEAP?5CORRUPTION?5DETECTED?3?5after?5@ 0000000140034ba0     LIBCMTD:dbgheap.obj
 0002:00001c30       ??_C@_1HK@HPCBMDFG@?$AAp?$AAH?$AAe?$AAa?$AAd?$AA?9?$AA?$DO?$AAn?$AAL?$AAi?$AAn?$AAe?$AA?5?$AA?$DN?$AA?$DN?$AA?5?$AAI?$AAG?$AAN?$AAO?$AAR?$AAE?$AA_?$AAL?$AAI?$AAN?$AAE?$AA?5?$AA?$CG?$AA?$CG?$AA?5?$AAp@ 0000000140034c30     LIBCMTD:dbgheap.obj
 0002:00001cb0       ??_C@_1DM@ODCJIDCP@?$AAp?$AAH?$AAe?$AAa?$AAd?$AA?9?$AA?$DO?$AAn?$AAB?$AAl?$AAo?$AAc?$AAk?$AAU?$AAs?$AAe?$AA?5?$AA?$DN?$AA?$DN?$AA?5?$AAn?$AAB?$AAl?$AAo?$AAc?$AAk?$AAU?$AAs?$AAe?$AA?$AA@ 0000000140034cb0     LIBCMTD:dbgheap.obj
 0002:00001cf0       ??_C@_1CK@DMAGEMBG@?$AA_?$AAp?$AAL?$AAa?$AAs?$AAt?$AAB?$AAl?$AAo?$AAc?$AAk?$AA?5?$AA?$DN?$AA?$DN?$AA?5?$AAp?$AAH?$AAe?$AAa?$AAd?$AA?$AA@ 0000000140034cf0     LIBCMTD:dbgheap.obj
 0002:00001d20       ??_C@_1CM@MMAADDMD@?$AA_?$AAp?$AAF?$AAi?$AAr?$AAs?$AAt?$AAB?$AAl?$AAo?$AAc?$AAk?$AA?5?$AA?$DN?$AA?$DN?$AA?5?$AAp?$AAH?$AAe?$AAa?$AAd?$AA?$AA@ 0000000140034d20     LIBCMTD:dbgheap.obj
 0002:00001d50       ??_C@_1BG@MBKOGDLD@?$AA_?$AAm?$AAs?$AAi?$AAz?$AAe?$AA_?$AAd?$AAb?$AAg?$AA?$AA@ 0000000140034d50     LIBCMTD:dbgheap.obj
 0002:00001d68       ??_C@_0CE@MKKHMBMK@_heapchk?5fails?5with?5_HEAPBADBEGI@ 0000000140034d68     LIBCMTD:dbgheap.obj
 0002:00001d90       ??_C@_0CD@CPKEAPBD@_heapchk?5fails?5with?5_HEAPBADNODE@ 0000000140034d90     LIBCMTD:dbgheap.obj
 0002:00001db8       ??_C@_0CC@MJGLGBDG@_heapchk?5fails?5with?5_HEAPBADEND?4@ 0000000140034db8     LIBCMTD:dbgheap.obj
 0002:00001de0       ??_C@_0CC@MFFCHFHO@_heapchk?5fails?5with?5_HEAPBADPTR?4@ 0000000140034de0     LIBCMTD:dbgheap.obj
 0002:00001e08       ??_C@_0CL@HNNNMKMJ@_heapchk?5fails?5with?5unknown?5retu@ 0000000140034e08     LIBCMTD:dbgheap.obj
 0002:00001e38       ??_C@_07OHKEFPKJ@DAMAGED?$AA@ 0000000140034e38     LIBCMTD:dbgheap.obj
 0002:00001e40       ??_C@_0KA@IHNJJKPL@HEAP?5CORRUPTION?5DETECTED?3?5on?5top@ 0000000140034e40     LIBCMTD:dbgheap.obj
 0002:00001ee0       ??_C@_0IC@BBJIOOJH@HEAP?5CORRUPTION?5DETECTED?3?5on?5top@ 0000000140034ee0     LIBCMTD:dbgheap.obj
 0002:00001f70       ??_C@_0EG@DGJMPDBH@?$CFhs?5located?5at?50x?$CFp?5is?5?$CFIu?5bytes@ 0000000140034f70     LIBCMTD:dbgheap.obj
 0002:00001fb8       ??_C@_0CI@JMLBEDHJ@?$CFhs?5located?5at?50x?$CFp?5is?5?$CFIu?5bytes@ 0000000140034fb8     LIBCMTD:dbgheap.obj
 0002:00001fe0       ??_C@_1BHO@NNANJNF@?$AA?$CI?$AAf?$AAN?$AAe?$AAw?$AAB?$AAi?$AAt?$AAs?$AA?$DN?$AA?$DN?$AA_?$AAC?$AAR?$AAT?$AAD?$AAB?$AAG?$AA_?$AAR?$AAE?$AAP?$AAO?$AAR?$AAT?$AA_?$AAF?$AAL?$AAA?$AAG?$AA?$CJ?$AA?5@ 0000000140034fe0     LIBCMTD:dbgheap.obj
 0002:00002160       ??_C@_1BO@GJFDNMNF@?$AA_?$AAC?$AAr?$AAt?$AAS?$AAe?$AAt?$AAD?$AAb?$AAg?$AAF?$AAl?$AAa?$AAg?$AA?$AA@ 0000000140035160     LIBCMTD:dbgheap.obj
 0002:00002180       ??_C@_1BM@MIMANDHC@?$AAs?$AAt?$AAa?$AAt?$AAe?$AA?5?$AA?$CB?$AA?$DN?$AA?5?$AAN?$AAU?$AAL?$AAL?$AA?$AA@ 0000000140035180     LIBCMTD:dbgheap.obj
 0002:000021a0       ??_C@_1CE@NJJKELF@?$AA_?$AAC?$AAr?$AAt?$AAM?$AAe?$AAm?$AAC?$AAh?$AAe?$AAc?$AAk?$AAp?$AAo?$AAi?$AAn?$AAt?$AA?$AA@ 00000001400351a0     LIBCMTD:dbgheap.obj
 0002:000021c8       ??_C@_0DP@LEFMFBOD@Bad?5memory?5block?5found?5at?50x?$CFp?4?6@ 00000001400351c8     LIBCMTD:dbgheap.obj
 0002:00002208       ??_C@_0CB@EAAIGELO@Bad?5memory?5block?5found?5at?50x?$CFp?4?6@ 0000000140035208     LIBCMTD:dbgheap.obj
 0002:0000222c       ??_C@_05MKKEDADM@?$CF?42X?5?$AA@ 000000014003522c     LIBCMTD:dbgheap.obj
 0002:00002238       ??_C@_1CG@LPFIACGM@?$AA_?$AAp?$AAr?$AAi?$AAn?$AAt?$AAM?$AAe?$AAm?$AAB?$AAl?$AAo?$AAc?$AAk?$AAD?$AAa?$AAt?$AAa?$AA?$AA@ 0000000140035238     LIBCMTD:dbgheap.obj
 0002:00002260       ??_C@_0BA@HJBKCELP@?5Data?3?5?$DM?$CFs?$DO?5?$CFs?6?$AA@ 0000000140035260     LIBCMTD:dbgheap.obj
 0002:00002270       ??_C@_0BE@KCIPKCIA@Dumping?5objects?5?9?$DO?6?$AA@ 0000000140035270     LIBCMTD:dbgheap.obj
 0002:00002288       ??_C@_0BE@OIEFNFL@?$CDFile?5Error?$CD?$CI?$CFd?$CJ?5?3?5?$AA@ 0000000140035288     LIBCMTD:dbgheap.obj
 0002:000022a0       ??_C@_0L@JMEFFCCJ@?$CFhs?$CI?$CFd?$CJ?5?3?5?$AA@ 00000001400352a0     LIBCMTD:dbgheap.obj
 0002:000022ac       ??_C@_06PKLGBFGM@?$HL?$CFld?$HN?5?$AA@ 00000001400352ac     LIBCMTD:dbgheap.obj
 0002:000022b8       ??_C@_0DD@GHNAAKBB@client?5block?5at?50x?$CFp?0?5subtype?5?$CFx@ 00000001400352b8     LIBCMTD:dbgheap.obj
 0002:000022f0       ??_C@_0CH@FAGDDGPN@normal?5block?5at?50x?$CFp?0?5?$CFIu?5bytes?5@ 00000001400352f0     LIBCMTD:dbgheap.obj
 0002:00002318       ??_C@_0DA@MDLBNIBM@crt?5block?5at?50x?$CFp?0?5subtype?5?$CFx?0?5?$CF@ 0000000140035318     LIBCMTD:dbgheap.obj
 0002:00002348       ??_C@_0BH@GFGKJDCO@Object?5dump?5complete?4?6?$AA@ 0000000140035348     LIBCMTD:dbgheap.obj
 0002:00002360       ??_C@_0BI@JBFPOEJA@Detected?5memory?5leaks?$CB?6?$AA@ 0000000140035360     LIBCMTD:dbgheap.obj
 0002:00002378       ??_C@_0CI@CCALCGFN@f?3?2dd?2vctools?2crt?2crtw32?2stdio?2s@ 0000000140035378     LIBCMTD:stream.obj
 0002:000023c8       ??_C@_1CC@JBMDNKJP@?$AAf?$AAi?$AAl?$AAe?$AAn?$AAa?$AAm?$AAe?$AA?5?$AA?$CB?$AA?$DN?$AA?5?$AAN?$AAU?$AAL?$AAL?$AA?$AA@ 00000001400353c8     LIBCMTD:_open.obj
 0002:000023f0       ??_C@_1EO@FCBMLNIH@?$AAf?$AA?3?$AA?2?$AAd?$AAd?$AA?2?$AAv?$AAc?$AAt?$AAo?$AAo?$AAl?$AAs?$AA?2?$AAc?$AAr?$AAt?$AA?2?$AAc?$AAr?$AAt?$AAw?$AA3?$AA2?$AA?2?$AAs?$AAt?$AAd?$AAi?$AAo?$AA?2?$AA_@ 00000001400353f0     LIBCMTD:_open.obj
 0002:00002440       ??_C@_1BK@HGLMNMEC@?$AAm?$AAo?$AAd?$AAe?$AA?5?$AA?$CB?$AA?$DN?$AA?5?$AAN?$AAU?$AAL?$AAL?$AA?$AA@ 0000000140035440     LIBCMTD:_open.obj
 0002:00002460       ??_C@_1BI@MFCLPIBM@?$AAs?$AAt?$AAr?$AA?5?$AA?$CB?$AA?$DN?$AA?5?$AAN?$AAU?$AAL?$AAL?$AA?$AA@ 0000000140035460     LIBCMTD:_open.obj
 0002:00002478       ??_C@_1DK@PKMJBLLN@?$AA?$CI?$AA?$CC?$AAI?$AAn?$AAv?$AAa?$AAl?$AAi?$AAd?$AA?5?$AAf?$AAi?$AAl?$AAe?$AA?5?$AAo?$AAp?$AAe?$AAn?$AA?5?$AAm?$AAo?$AAd?$AAe?$AA?$CC?$AA?0?$AA0?$AA?$CJ?$AA?$AA@ 0000000140035478     LIBCMTD:_open.obj
 0002:000024b8       ??_C@_1BE@DONHJJKE@?$AA_?$AAo?$AAp?$AAe?$AAn?$AAf?$AAi?$AAl?$AAe?$AA?$AA@ 00000001400354b8     LIBCMTD:_open.obj
 0002:000024d0       ??_C@_1CI@KEDPFCAL@?$AA?$CI?$AA?$CK?$AAm?$AAo?$AAd?$AAe?$AA?5?$AA?$DN?$AA?$DN?$AA?5?$AA_?$AAT?$AA?$CI?$AA?8?$AA?2?$AA0?$AA?8?$AA?$CJ?$AA?$CJ?$AA?$AA@ 00000001400354d0     LIBCMTD:_open.obj
 0002:00002500       ??_C@_1FC@KLDIFLFI@?$AAf?$AA?3?$AA?2?$AAd?$AAd?$AA?2?$AAv?$AAc?$AAt?$AAo?$AAo?$AAl?$AAs?$AA?2?$AAc?$AAr?$AAt?$AA?2?$AAc?$AAr?$AAt?$AAw?$AA3?$AA2?$AA?2?$AAs?$AAt?$AAd?$AAi?$AAo?$AA?2?$AA_@ 0000000140035500     LIBCMTD:_filbuf.obj
 0002:00002558       ??_C@_1BA@IIKEPOGH@?$AA_?$AAf?$AAi?$AAl?$AAb?$AAu?$AAf?$AA?$AA@ 0000000140035558     LIBCMTD:_filbuf.obj
 0002:00002568       ??_C@_1BI@GKKCBDMD@?$AAd?$AAs?$AAt?$AA?5?$AA?$CB?$AA?$DN?$AA?5?$AAN?$AAU?$AAL?$AAL?$AA?$AA@ 0000000140035568     LIBCMTD:memcpy_s.obj
 0002:00002580       ??_C@_1FG@COJCEIPE@?$AAf?$AA?3?$AA?2?$AAd?$AAd?$AA?2?$AAv?$AAc?$AAt?$AAo?$AAo?$AAl?$AAs?$AA?2?$AAc?$AAr?$AAt?$AA?2?$AAc?$AAr?$AAt?$AAw?$AA3?$AA2?$AA?2?$AAs?$AAt?$AAr?$AAi?$AAn?$AAg?$AA?2@ 0000000140035580     LIBCMTD:memcpy_s.obj
 0002:000025d8       ??_C@_1BC@GKHDJMGB@?$AAm?$AAe?$AAm?$AAc?$AAp?$AAy?$AA_?$AAs?$AA?$AA@ 00000001400355d8     LIBCMTD:memcpy_s.obj
 0002:000025f0       ??_C@_1BI@DCHLDCPP@?$AAs?$AAr?$AAc?$AA?5?$AA?$CB?$AA?$DN?$AA?5?$AAN?$AAU?$AAL?$AAL?$AA?$AA@ 00000001400355f0     LIBCMTD:memcpy_s.obj
 0002:00002608       ??_C@_1CK@DDKKOLAN@?$AAs?$AAi?$AAz?$AAe?$AAI?$AAn?$AAB?$AAy?$AAt?$AAe?$AAs?$AA?5?$AA?$DO?$AA?$DN?$AA?5?$AAc?$AAo?$AAu?$AAn?$AAt?$AA?$AA@ 0000000140035608     LIBCMTD:memcpy_s.obj
 0002:00002640       ??_C@_1EM@BALFJBIJ@?$AAf?$AA?3?$AA?2?$AAd?$AAd?$AA?2?$AAv?$AAc?$AAt?$AAo?$AAo?$AAl?$AAs?$AA?2?$AAc?$AAr?$AAt?$AA?2?$AAc?$AAr?$AAt?$AAw?$AA3?$AA2?$AA?2?$AAl?$AAo?$AAw?$AAi?$AAo?$AA?2?$AAr@ 0000000140035640     LIBCMTD:read.obj
 0002:00002690       ??_C@_1M@NHJOLLDM@?$AA_?$AAr?$AAe?$AAa?$AAd?$AA?$AA@ 0000000140035690     LIBCMTD:read.obj
 0002:000026a0       ??_C@_1CC@HBLPFNKH@?$AA?$CI?$AAc?$AAn?$AAt?$AA?5?$AA?$DM?$AA?$DN?$AA?5?$AAI?$AAN?$AAT?$AA_?$AAM?$AAA?$AAX?$AA?$CJ?$AA?$AA@ 00000001400356a0     LIBCMTD:read.obj
 0002:000026c8       ??_C@_1BK@JJBHNDKJ@?$AA_?$AAr?$AAe?$AAa?$AAd?$AA_?$AAn?$AAo?$AAl?$AAo?$AAc?$AAk?$AA?$AA@ 00000001400356c8     LIBCMTD:read.obj
 0002:000026e8       ??_C@_1CG@OHLJHGGK@?$AA?$CI?$AAi?$AAn?$AAp?$AAu?$AAt?$AAb?$AAu?$AAf?$AA?5?$AA?$CB?$AA?$DN?$AA?5?$AAN?$AAU?$AAL?$AAL?$AA?$CJ?$AA?$AA@ 00000001400356e8     LIBCMTD:read.obj
 0002:00002710       ??_C@_1CC@EEOLPHGO@?$AA?$CI?$AA?$CI?$AAc?$AAn?$AAt?$AA?5?$AA?$CG?$AA?5?$AA1?$AA?$CJ?$AA?5?$AA?$DN?$AA?$DN?$AA?5?$AA0?$AA?$CJ?$AA?$AA@ 0000000140035710     LIBCMTD:read.obj
 0002:00002738       ??_C@_0CG@JHNDLPLJ@f?3?2dd?2vctools?2crt?2crtw32?2lowio?2r@ 0000000140035738     LIBCMTD:read.obj
 0002:00002760       ??_C@_1FC@OBEHAONE@?$AAf?$AA?3?$AA?2?$AAd?$AAd?$AA?2?$AAv?$AAc?$AAt?$AAo?$AAo?$AAl?$AAs?$AA?2?$AAc?$AAr?$AAt?$AA?2?$AAc?$AAr?$AAt?$AAw?$AA3?$AA2?$AA?2?$AAs?$AAt?$AAd?$AAi?$AAo?$AA?2?$AA_@ 0000000140035760     LIBCMTD:_flsbuf.obj
 0002:000027c0       ??_C@_1HO@MLMGPAFH@?$AA?$CI?$AA?$CC?$AAi?$AAn?$AAc?$AAo?$AAn?$AAs?$AAi?$AAs?$AAt?$AAe?$AAn?$AAt?$AA?5?$AAI?$AAO?$AAB?$AA?5?$AAf?$AAi?$AAe?$AAl?$AAd?$AAs?$AA?$CC?$AA?0?$AA?5?$AAs?$AAt?$AAr?$AAe@ 00000001400357c0     LIBCMTD:_flsbuf.obj
 0002:00002840       ??_C@_06OJHGLDPL@?$CInull?$CJ?$AA@ 0000000140035840     LIBCMTD:output.obj
 0002:00002848       ??_C@_1O@CEDCILHN@?$AA?$CI?$AAn?$AAu?$AAl?$AAl?$AA?$CJ?$AA?$AA@ 0000000140035848     LIBCMTD:output.obj
 0002:00002860       __lookuptable              0000000140035860     LIBCMTD:output.obj
 0002:000028c0       ??_C@_1FA@KMIJDCIC@?$AAf?$AA?3?$AA?2?$AAd?$AAd?$AA?2?$AAv?$AAc?$AAt?$AAo?$AAo?$AAl?$AAs?$AA?2?$AAc?$AAr?$AAt?$AA?2?$AAc?$AAr?$AAt?$AAw?$AA3?$AA2?$AA?2?$AAs?$AAt?$AAd?$AAi?$AAo?$AA?2?$AAo@ 00000001400358c0     LIBCMTD:output.obj
 0002:00002910       ??_C@_1BAA@ODEGEDCK@?$AA?$CI?$AA?5?$AA?$CI?$AA_?$AAS?$AAt?$AAr?$AAe?$AAa?$AAm?$AA?9?$AA?$DO?$AA_?$AAf?$AAl?$AAa?$AAg?$AA?5?$AA?$CG?$AA?5?$AA_?$AAI?$AAO?$AAS?$AAT?$AAR?$AAG?$AA?$CJ?$AA?5?$AA?$HM?$AA?$HM?$AA?5@ 0000000140035910     LIBCMTD:output.obj
 0002:00002a10       ??_C@_1CC@IFFHEMNF@?$AA?$CI?$AAc?$AAh?$AA?5?$AA?$CB?$AA?$DN?$AA?5?$AA_?$AAT?$AA?$CI?$AA?8?$AA?2?$AA0?$AA?8?$AA?$CJ?$AA?$CJ?$AA?$AA@ 0000000140035a10     LIBCMTD:output.obj
 0002:00002a40       ??_C@_1EK@PNGFDECN@?$AA?$CI?$AA?$CC?$AA?8?$AAn?$AA?8?$AA?5?$AAf?$AAo?$AAr?$AAm?$AAa?$AAt?$AA?5?$AAs?$AAp?$AAe?$AAc?$AAi?$AAf?$AAi?$AAe?$AAr?$AA?5?$AAd?$AAi?$AAs?$AAa?$AAb?$AAl?$AAe?$AAd?$AA?$CC@ 0000000140035a40     LIBCMTD:output.obj
 0002:00002a90       ??_C@_0CI@CMOPBIOD@f?3?2dd?2vctools?2crt?2crtw32?2stdio?2o@ 0000000140035a90     LIBCMTD:output.obj
 0002:00002ac0       __lookuptable_s            0000000140035ac0     LIBCMTD:outputs.obj
 0002:00002b20       ??_C@_1BI@COFBLHCG@?$AA_?$AAo?$AAu?$AAt?$AAp?$AAu?$AAt?$AA_?$AAs?$AA_?$AAl?$AA?$AA@ 0000000140035b20     LIBCMTD:outputs.obj
 0002:00002b40       ??_C@_1EE@DMAIGNBG@?$AA?$CI?$AA?$CC?$AAI?$AAn?$AAc?$AAo?$AAr?$AAr?$AAe?$AAc?$AAt?$AA?5?$AAf?$AAo?$AAr?$AAm?$AAa?$AAt?$AA?5?$AAs?$AAp?$AAe?$AAc?$AAi?$AAf?$AAi?$AAe?$AAr?$AA?$CC?$AA?0?$AA?5?$AA0@ 0000000140035b40     LIBCMTD:outputs.obj
 0002:00002b90       ??_C@_1FK@LNCFKALM@?$AA?$CI?$AA?$CI?$AAs?$AAt?$AAa?$AAt?$AAe?$AA?5?$AA?$DN?$AA?$DN?$AA?5?$AAS?$AAT?$AA_?$AAN?$AAO?$AAR?$AAM?$AAA?$AAL?$AA?$CJ?$AA?5?$AA?$HM?$AA?$HM?$AA?5?$AA?$CI?$AAs?$AAt?$AAa?$AAt?$AAe?$AA?5@ 0000000140035b90     LIBCMTD:outputs.obj
 0002:00002bf0       ??_C@_0CJ@LPLBAFNO@f?3?2dd?2vctools?2crt?2crtw32?2startup@ 0000000140035bf0     LIBCMTD:mlock.obj
[...]
 0004:00000f18       $pdata$_isdigit_l          0000000140045f18     LIBCMTD:_ctype.obj
 0004:00000f24       $pdata$isdigit             0000000140045f24     LIBCMTD:_ctype.obj
 0004:00000f30       $pdata$_tolower_l          0000000140045f30     LIBCMTD:tolower.obj
 0004:00000f3c       $pdata$tolower             0000000140045f3c     LIBCMTD:tolower.obj
 0004:00000f48       $pdata$strcpy_s            0000000140045f48     LIBCMTD:strcpy_s.obj
 0004:00000f54       $pdata$strrchr             0000000140045f54     LIBCMTD:strrchr.obj
 0004:00000f60       $pdata$_fptostr            0000000140045f60     LIBCMTD:_fptostr.obj
 0004:00000f6c       $pdata$__crt_atoflt_l      0000000140045f6c     LIBCMTD:atodbl.obj
 0004:00000f78       $pdata$_atodbl_l           0000000140045f78     LIBCMTD:atodbl.obj
 0004:00000f84       $pdata$_atoflt_l           0000000140045f84     LIBCMTD:atodbl.obj
 0004:00000f90       $pdata$__dtold             0000000140045f90     LIBCMTD:cfout.obj
 0004:00000f9c       $pdata$_fltout2            0000000140045f9c     LIBCMTD:cfout.obj
 0004:00000fa8       $pdata$?x_ismbbtype_l@@YAHPEAUlocaleinfo_struct@@IHH@Z 0000000140045fa8     LIBCMTD:ismbbyte.obj
 0004:00000fb4       $pdata$_ismbblead          0000000140045fb4     LIBCMTD:ismbbyte.obj
 0004:00000fc0       $pdata$_mbtowc_l           0000000140045fc0     LIBCMTD:mbtowc.obj
 0004:00000fcc       $pdata$mbtowc              0000000140045fcc     LIBCMTD:mbtowc.obj
 0004:00000fd8       $pdata$_putwch_nolock      0000000140045fd8     LIBCMTD:putwch.obj
 0004:00000fe4       $pdata$_vsnwprintf_s       0000000140045fe4     LIBCMTD:vswprnc.obj
 0004:00000ff0       $pdata$_vsnwprintf_s_l     0000000140045ff0     LIBCMTD:vswprnc.obj
 0004:00000ffc       $pdata$_vswprintf_helper   0000000140045ffc     LIBCMTD:vswprnc.obj
 0004:00001008       $pdata$strcat_s            0000000140046008     LIBCMTD:strcat_s.obj
 0004:00001014       $pdata$_itoa_s             0000000140046014     LIBCMTD:xtoas.obj
 0004:00001020       $pdata$xtoa_s              0000000140046020     LIBCMTD:xtoas.obj
 0004:0000102c       $pdata$_mbstowcs_l_helper  000000014004602c     LIBCMTD:mbstowcs.obj
 0004:00001038       $pdata$_mbstowcs_s_l       0000000140046038     LIBCMTD:mbstowcs.obj
 0004:00001044       $pdata$mbstowcs_s          0000000140046044     LIBCMTD:mbstowcs.obj
 0004:00001050       $pdata$?wcsncnt@@YA_KPEB_W_K@Z 0000000140046050     LIBCMTD:wcstombs.obj
 0004:0000105c       $pdata$_wcstombs_l_helper  000000014004605c     LIBCMTD:wcstombs.obj
 0004:00001068       $pdata$_wcstombs_s_l       0000000140046068     LIBCMTD:wcstombs.obj
 0004:00001074       $pdata$wcstombs_s          0000000140046074     LIBCMTD:wcstombs.obj
 0004:00001080       $pdata$_itow_s             0000000140046080     LIBCMTD:xtows.obj
 0004:0000108c       $pdata$xtow_s              000000014004608c     LIBCMTD:xtows.obj
 0004:00001098       $pdata$__GSHandlerCheck_SEH 0000000140046098     LIBCMTD:gshandlerseh.obj
 0004:000010a4       $pdata$__free_lconv_mon    00000001400460a4     LIBCMTD:initmon.obj
 0004:000010b0       $pdata$__free_lconv_num    00000001400460b0     LIBCMTD:initnum.obj
 0004:000010bc       $pdata$__free_lc_time      00000001400460bc     LIBCMTD:inittime.obj
 0004:000010c8       $pdata$_locterm            00000001400460c8     LIBCMTD:wsetloca.obj
 0004:000010d4       $pdata$__createFile        00000001400460d4     LIBCMTD:wopen.obj
 0004:000010e0       $pdata$_wsopen_nolock      00000001400460e0     LIBCMTD:wopen.obj
 0004:000010f8       $pdata$__ascii_strnicmp    00000001400460f8     LIBCMTD:strnicmp.obj
 0004:00001104       $pdata$_strnicmp           0000000140046104     LIBCMTD:strnicmp.obj
 0004:00001110       $pdata$_strnicmp_l         0000000140046110     LIBCMTD:strnicmp.obj
 0004:0000111c       $pdata$__DestructExceptionObject 000000014004611c     LIBCMTD:frame.obj
 0004:00001128       $pdata$??0bad_exception@std@@QEAA@AEBV01@@Z 0000000140046128     LIBCMTD:frame.obj
 0004:00001134       $pdata$??0bad_exception@std@@QEAA@PEBD@Z 0000000140046134     LIBCMTD:frame.obj
 0004:00001140       $pdata$??1bad_exception@std@@UEAA@XZ 0000000140046140     LIBCMTD:frame.obj
 0004:0000114c       $pdata$??_Gbad_exception@std@@UEAAPEAXI@Z 000000014004614c     LIBCMTD:frame.obj
 0004:00001158       $pdata$?CatchIt@@YAXPEAUEHExceptionRecord@@PEA_KPEAU_CONTEXT@@PEAU_xDISPATCHER_CONTEXT@@PEBU_s_FuncInfo@@PEBU_s_HandlerType@@PEBU_s_CatchableType@@PEBU_s_TryBlockMapEntry@@H1EE@Z 0000000140046158     LIBCMTD:frame.obj
 0004:00001164       $pdata$?ExFilterRethrow@@YAHPEAU_EXCEPTION_POINTERS@@PEAUEHExceptionRecord@@PEAH@Z 0000000140046164     LIBCMTD:frame.obj
 0004:00001170       $pdata$?FindHandler@@YAXPEAUEHExceptionRecord@@PEA_KPEAU_CONTEXT@@PEAU_xDISPATCHER_CONTEXT@@PEBU_s_FuncInfo@@EH1@Z 0000000140046170     LIBCMTD:frame.obj
 0004:0000117c       $pdata$?FindHandlerForForeignException@@YAXPEAUEHExceptionRecord@@PEA_KPEAU_CONTEXT@@PEAU_xDISPATCHER_CONTEXT@@PEBU_s_FuncInfo@@HH1@Z 000000014004617c     LIBCMTD:frame.obj
 0004:00001188       $pdata$?IsInExceptionSpec@@YAEPEAUEHExceptionRecord@@PEBU_s_ESTypeList@@@Z 0000000140046188     LIBCMTD:frame.obj
 0004:00001194       $pdata$?Is_bad_exception_allowed@@YAEPEBU_s_ESTypeList@@@Z 0000000140046194     LIBCMTD:frame.obj
 0004:000011a0       $pdata$?__RethrowException@@YAXPEAUEHExceptionRecord@@@Z 00000001400461a0     LIBCMTD:frame.obj
 0004:000011ac       $pdata$__AdjustPointer     00000001400461ac     LIBCMTD:frame.obj
 0004:000011b8       $pdata$__BuildCatchObject  00000001400461b8     LIBCMTD:frame.obj
 0004:000011c4       $pdata$__BuildCatchObjectHelper 00000001400461c4     LIBCMTD:frame.obj
 0004:000011d0       $pdata$__CxxCallCatchBlock 00000001400461d0     LIBCMTD:frame.obj
 0004:000011dc       $pdata$__FrameUnwindFilter 00000001400461dc     LIBCMTD:frame.obj
 0004:000011e8       $pdata$__FrameUnwindToState 00000001400461e8     LIBCMTD:frame.obj
 0004:000011f4       $pdata$__InternalCxxFrameHandler 00000001400461f4     LIBCMTD:frame.obj
 0004:00001200       $pdata$__TypeMatch         0000000140046200     LIBCMTD:frame.obj
 0004:0000120c       $pdata$?__GetCurrentState@@YAHPEA_KPEAU_xDISPATCHER_CONTEXT@@PEBU_s_FuncInfo@@@Z 000000014004620c     LIBCMTD:ehstate.obj
 0004:00001218       $pdata$?__GetUnwindTryBlock@@YAHPEA_KPEAU_xDISPATCHER_CONTEXT@@PEBU_s_FuncInfo@@@Z 0000000140046218     LIBCMTD:ehstate.obj
 0004:00001224       $pdata$?__SetUnwindTryBlock@@YAXPEA_KPEAU_xDISPATCHER_CONTEXT@@PEBU_s_FuncInfo@@H@Z 0000000140046224     LIBCMTD:ehstate.obj
 0004:00001230       $pdata$?__StateFromControlPc@@YAHPEBU_s_FuncInfo@@PEAU_xDISPATCHER_CONTEXT@@@Z 0000000140046230     LIBCMTD:ehstate.obj
 0004:0000123c       $pdata$?__StateFromIp@@YAHPEBU_s_FuncInfo@@PEAU_xDISPATCHER_CONTEXT@@_J@Z 000000014004623c     LIBCMTD:ehstate.obj
 0004:00001248       $pdata$_raise_exc_ex       0000000140046248     LIBCMTD:fpexcept.obj
 0004:00001254       $pdata$_raise_excf         0000000140046254     LIBCMTD:fpexcept.obj
 0004:00001260       $pdata$_set_errno_from_matherr 0000000140046260     LIBCMTD:fpexcept.obj
 0004:0000126c       $pdata$_clrfp              000000014004626c     LIBCMTD:fpctrl.obj
 0004:00001278       $pdata$_ctrlfp             0000000140046278     LIBCMTD:fpctrl.obj
 0004:00001284       $pdata$_set_statfp         0000000140046284     LIBCMTD:fpctrl.obj
 0004:00001290       $pdata$_statfp             0000000140046290     LIBCMTD:fpctrl.obj
 0004:0000129c       $pdata$_CopyMan            000000014004629c     LIBCMTD:intrncvt.obj
 0004:000012a8       $pdata$_FillZeroMan        00000001400462a8     LIBCMTD:intrncvt.obj
 0004:000012b4       $pdata$_IncMan             00000001400462b4     LIBCMTD:intrncvt.obj
 0004:000012c0       $pdata$_IsZeroMan          00000001400462c0     LIBCMTD:intrncvt.obj
 0004:000012cc       $pdata$_RoundMan           00000001400462cc     LIBCMTD:intrncvt.obj
 0004:000012d8       $pdata$_ShrMan             00000001400462d8     LIBCMTD:intrncvt.obj
 0004:000012e4       $pdata$_ZeroTail           00000001400462e4     LIBCMTD:intrncvt.obj
 0004:000012f0       $pdata$__addl              00000001400462f0     LIBCMTD:intrncvt.obj
 0004:000012fc       $pdata$_ld12cvt            00000001400462fc     LIBCMTD:intrncvt.obj
 0004:00001308       $pdata$_ld12tod            0000000140046308     LIBCMTD:intrncvt.obj
 0004:00001314       $pdata$_ld12tof            0000000140046314     LIBCMTD:intrncvt.obj
 0004:00001320       $pdata$__ld12mul           0000000140046320     LIBCMTD:strgtold.obj
 0004:0000132c       $pdata$__multtenpow12      000000014004632c     LIBCMTD:strgtold.obj
 0004:00001338       $pdata$__shl_12            0000000140046338     LIBCMTD:strgtold.obj
 0004:00001344       $pdata$__shr_12            0000000140046344     LIBCMTD:strgtold.obj
 0004:00001350       $pdata$__strgtold12_l      0000000140046350     LIBCMTD:strgtold.obj
 0004:0000135c       $pdata$$I10_OUTPUT         000000014004635c     LIBCMTD:x10fout.obj
 0004:00001368       $pdata$__add_12            0000000140046368     LIBCMTD:x10fout.obj
 0004:00001374       $pdata$__termconout        0000000140046374     LIBCMTD:initcon.obj
 0004:00001380       $pdata$__initconout        0000000140046380     LIBCMTD:initcon.obj
 0004:0000138c       $pdata$_woutput_s_l        000000014004638c     LIBCMTD:woutputs.obj
 0004:00001398       $pdata$write_char          0000000140046398     LIBCMTD:woutputs.obj
 0004:000013a4       $pdata$write_multi_char    00000001400463a4     LIBCMTD:woutputs.obj
 0004:000013b0       $pdata$write_string        00000001400463b0     LIBCMTD:woutputs.obj
 0004:000013bc       $pdata$_fputwc_nolock      00000001400463bc     LIBCMTD:fputwc.obj
 0004:000013d4       $pdata$_chsize_nolock      00000001400463d4     LIBCMTD:chsize.obj
 0004:000013e0       $pdata$_get_fmode          00000001400463e0     LIBCMTD:setmode.obj
 0004:000013ec       $pdata$_setmode_nolock     00000001400463ec     LIBCMTD:setmode.obj
 0004:000013f8       $pdata$??3@YAXPEAX@Z       00000001400463f8     LIBCMTD:dbgdel.obj
 0004:00001410       $pdata$?_ValidateExecute@@YAHP6A_JXZ@Z 0000000140046410     LIBCMTD:validate.obj
 0004:0000141c       $pdata$?_ValidateRead@@YAHPEBXI@Z 000000014004641c     LIBCMTD:validate.obj
 0004:0000141c       $pdata$?_ValidateWrite@@YAHPEAXI@Z 000000014004641c     LIBCMTD:validate.obj
 0004:00001434       $pdata$??1type_info@@UEAA@XZ 0000000140046434     LIBCMTD:typinfo.obj
 0004:00001440       $pdata$??8type_info@@QEBA_NAEBV0@@Z 0000000140046440     LIBCMTD:typinfo.obj
 0004:0000144c       $pdata$??_Gtype_info@@UEAAPEAXI@Z 000000014004644c     LIBCMTD:typinfo.obj
 0004:00001458       $pdata$??0exception@std@@QEAA@AEBQEBD@Z 0000000140046458     LIBCMTD:stdexcpt.obj
 0004:00001464       $pdata$??0exception@std@@QEAA@AEBV01@@Z 0000000140046464     LIBCMTD:stdexcpt.obj
 0004:00001470       $pdata$??1exception@std@@UEAA@XZ 0000000140046470     LIBCMTD:stdexcpt.obj
 0004:0000147c       $pdata$??4exception@std@@QEAAAEAV01@AEBV01@@Z 000000014004647c     LIBCMTD:stdexcpt.obj
 0004:00001488       $pdata$??_Gexception@std@@UEAAPEAXI@Z 0000000140046488     LIBCMTD:stdexcpt.obj
 0004:00001494       $pdata$?_Copy_str@exception@std@@AEAAXPEBD@Z 0000000140046494     LIBCMTD:stdexcpt.obj
 0004:000014a0       $pdata$?_Tidy@exception@std@@AEAAXXZ 00000001400464a0     LIBCMTD:stdexcpt.obj
 0004:000014ac       $pdata$?what@exception@std@@UEBAPEBDXZ 00000001400464ac     LIBCMTD:stdexcpt.obj
 0004:000014b8       $pdata$_CxxThrowException  00000001400464b8     LIBCMTD:throw.obj
 0004:000014d0       $pdata$__mtold12           00000001400464d0     LIBCMTD:mantold.obj
 0004:000014dc       $pdata$_flswbuf            00000001400464dc     LIBCMTD:_flswbuf.obj
 0004:000014e8       $pdata$?_Type_info_dtor@type_info@@CAXPEAV1@@Z 00000001400464e8     LIBCMTD:typname.obj
 0004:000014f4       $pdata$fclose$fin$0        00000001400464f4     LIBCMTD:fclose.obj
 0004:00001500       $pdata$_fsopen$fin$0       0000000140046500     LIBCMTD:fopen.obj
 0004:0000150c       $pdata$fread_s$fin$0       000000014004650c     LIBCMTD:fread.obj
 0004:00001518       $pdata$doexit$fin$0        0000000140046518     LIBCMTD:crt0dat.obj
 0004:00001524       $pdata$__tmainCRTStartup$filt$0 0000000140046524     LIBCMTD:wincrt0.obj
 0004:00001530       $pdata$flsall$fin$0        0000000140046530     LIBCMTD:fflush.obj
 0004:0000153c       $pdata$flsall$fin$1        000000014004653c     LIBCMTD:fflush.obj
 0004:00001548       $pdata$_CrtMemCheckpoint$fin$0 0000000140046548     LIBCMTD:dbgheap.obj
 0004:00001548       $pdata$?fin$0@?0??_CrtMemDumpAllObjectsSince_stat@@YAXPEBU_CrtMemState@@PEAUlocaleinfo_struct@@@Z@4HA 0000000140046548     LIBCMTD:dbgheap.obj
 0004:00001548       $pdata$_heap_alloc_dbg_impl$fin$0 0000000140046548     LIBCMTD:dbgheap.obj
 0004:00001554       $pdata$_CrtCheckMemory$fin$0 0000000140046554     LIBCMTD:dbgheap.obj
 0004:00001560       $pdata$_CrtSetDbgFlag$fin$0 0000000140046560     LIBCMTD:dbgheap.obj
 0004:00001560       $pdata$_msize_dbg$fin$0    0000000140046560     LIBCMTD:dbgheap.obj
 0004:00001560       $pdata$?fin$0@?0???3@YAXPEAX@Z@4HA 0000000140046560     LIBCMTD:dbgheap.obj
 0004:00001560       $pdata$_realloc_dbg$fin$0  0000000140046560     LIBCMTD:dbgheap.obj
 0004:0000156c       $pdata$_free_dbg$fin$0     000000014004656c     LIBCMTD:dbgheap.obj
 0004:00001578       $pdata$_getstream$fin$0    0000000140046578     LIBCMTD:stream.obj
 0004:00001578       $pdata$_fcloseall$fin$0    0000000140046578     LIBCMTD:stream.obj
 0004:00001584       $pdata$_IsNonwritableInCurrentImage$filt$0 0000000140046584     LIBCMTD:pesect.obj
 0004:00001590       $pdata$_onexit$fin$0       0000000140046590     LIBCMTD:onexit.obj
 0004:0000159c       $pdata$raise$fin$0         000000014004659c     LIBCMTD:winsig.obj
 0004:000015a8       $pdata$?dtor$0@?0??getSystemCP@@YAHH@Z@4HA 00000001400465a8     LIBCMTD:mbctype.obj
 0004:000015b4       $pdata$_setmbcp$fin$0      00000001400465b4     LIBCMTD:mbctype.obj
 0004:000015b4       $pdata$__updatetmbcinfo$fin$0 00000001400465b4     LIBCMTD:mbctype.obj
 0004:000015c0       $pdata$_initptd$fin$0      00000001400465c0     LIBCMTD:tidtable.obj
 0004:000015c0       $pdata$_freefls$fin$0      00000001400465c0     LIBCMTD:tidtable.obj
 0004:000015cc       $pdata$_freefls$fin$1      00000001400465cc     LIBCMTD:tidtable.obj
 0004:000015cc       $pdata$_initptd$fin$1      00000001400465cc     LIBCMTD:tidtable.obj
 0004:000015d8       $pdata$_ioinit$fin$0       00000001400465d8     LIBCMTD:ioinit.obj
 0004:000015e4       $pdata$_mtinitlocknum$fin$0 00000001400465e4     LIBCMTD:osfinfo.obj
 0004:000015e4       $pdata$__lock_fhandle$fin$0 00000001400465e4     LIBCMTD:osfinfo.obj
 0004:000015f0       $pdata$_alloc_osfhnd$fin$0 00000001400465f0     LIBCMTD:osfinfo.obj
 0004:000015fc       $pdata$_alloc_osfhnd$fin$1 00000001400465fc     LIBCMTD:osfinfo.obj
 0004:00001608       $pdata$_write$fin$0        0000000140046608     LIBCMTD:commit.obj
 0004:00001608       $pdata$_read$fin$0         0000000140046608     LIBCMTD:commit.obj
 0004:00001608       $pdata$_lseeki64$fin$0     0000000140046608     LIBCMTD:commit.obj
 0004:00001608       $pdata$_commit$fin$0       0000000140046608     LIBCMTD:commit.obj
 0004:00001608       $pdata$_close$fin$0        0000000140046608     LIBCMTD:commit.obj
 0004:00001614       $pdata$_VCrtDbgReportA$fin$0 0000000140046614     LIBCMTD:dbgrptt.obj
 0004:00001620       $pdata$_VCrtDbgReportA$fin$1 0000000140046620     LIBCMTD:dbgrptt.obj
 0004:0000162c       $pdata$_VCrtDbgReportW$fin$0 000000014004662c     LIBCMTD:dbgrptt.obj
 0004:00001638       $pdata$_VCrtDbgReportW$fin$1 0000000140046638     LIBCMTD:dbgrptt.obj
 0004:00001644       $pdata$_locterm$fin$0      0000000140046644     LIBCMTD:localref.obj
 0004:00001644       $pdata$__updatetlocinfo$fin$0 0000000140046644     LIBCMTD:localref.obj
 0004:00001650       $pdata$_sopen_helper$fin$0 0000000140046650     LIBCMTD:open.obj
 0004:0000165c       $pdata$_CallSETranslator$filt$0 000000014004665c     LIBCMTD:trnsctrl.obj
 0004:00001668       $pdata$?dtor$0@?0??x_ismbbtype_l@@YAHPEAUlocaleinfo_struct@@IHH@Z@4HA 0000000140046668     LIBCMTD:ismbbyte.obj
 0004:00001674       $pdata$?filt$0@?0??terminate@@YAXXZ@4HA 0000000140046674     LIBCMTD:frame.obj
 0004:00001674       $pdata$?filt$0@?0??__crtIsBadReadPtr@@YAHPEBX_K@Z@4HA 0000000140046674     LIBCMTD:frame.obj
 0004:00001674       $pdata$__BuildCatchObject$filt$0 0000000140046674     LIBCMTD:frame.obj
 0004:00001674       $pdata$__BuildCatchObjectHelper$filt$0 0000000140046674     LIBCMTD:frame.obj
 0004:00001674       $pdata$?filt$0@?0??_inconsistency@@YAXXZ@4HA 0000000140046674     LIBCMTD:frame.obj
 0004:00001680       $pdata$__CxxCallCatchBlock$filt$0 0000000140046680     LIBCMTD:frame.obj
 0004:0000168c       $pdata$__CxxCallCatchBlock$fin$1 000000014004668c     LIBCMTD:frame.obj
 0004:00001698       $pdata$__DestructExceptionObject$filt$0 0000000140046698     LIBCMTD:frame.obj
 0004:000016a4       $pdata$__FrameUnwindToState$filt$0 00000001400466a4     LIBCMTD:frame.obj
 0004:000016b0       $pdata$__FrameUnwindToState$fin$1 00000001400466b0     LIBCMTD:frame.obj
 0004:000016bc       $pdata$_ctrlfp$filt$0      00000001400466bc     LIBCMTD:fpctrl.obj
 0004:000016c8       $pdata$?fin$0@?0??_Type_info_dtor@type_info@@CAXPEAV1@@Z@4HA 00000001400466c8     LIBCMTD:typname.obj
 0005:00000000       s_dwExp2_Table             0000000140047000     LIBCMTD:svml_sexpf4_sse2.obj
 0005:00000300       flOne                      0000000140047300     LIBCMTD:svml_sexpf4_sse2.obj
 0005:00000310       flInf                      0000000140047310     LIBCMTD:svml_sexpf4_sse2.obj
 0005:00000320       flAbsMask                  0000000140047320     LIBCMTD:svml_sexpf4_sse2.obj
 0005:00000330       flBound2                   0000000140047330     LIBCMTD:svml_sexpf4_sse2.obj
 0005:00000340       s_dwBias                   0000000140047340     LIBCMTD:svml_sexpf4_sse2.obj
 0005:00000350       s_dwNegRS                  0000000140047350     LIBCMTD:svml_sexpf4_sse2.obj
 0005:00000360       s_dwInvLn                  0000000140047360     LIBCMTD:svml_sexpf4_sse2.obj
 0005:00000370       flBound1                   0000000140047370     LIBCMTD:svml_sexpf4_sse2.obj
 0005:00000380       flTwo                      0000000140047380     LIBCMTD:svml_sexpf4_sse2.obj
 0005:00000390       s_dwLnLo                   0000000140047390     LIBCMTD:svml_sexpf4_sse2.obj
 0005:000003a0       s_dwLnHi                   00000001400473a0     LIBCMTD:svml_sexpf4_sse2.obj
 0005:00000400       s_dwExp2_Table             0000000140047400     LIBCMTD:svml_sexpf4_sse4.obj
 0005:00000700       flOne                      0000000140047700     LIBCMTD:svml_sexpf4_sse4.obj
 0005:00000710       flInf                      0000000140047710     LIBCMTD:svml_sexpf4_sse4.obj
 0005:00000720       flAbsMask                  0000000140047720     LIBCMTD:svml_sexpf4_sse4.obj
 0005:00000730       flBound2                   0000000140047730     LIBCMTD:svml_sexpf4_sse4.obj
 0005:00000740       s_dwBias                   0000000140047740     LIBCMTD:svml_sexpf4_sse4.obj
 0005:00000750       s_dwNegRS                  0000000140047750     LIBCMTD:svml_sexpf4_sse4.obj
 0005:00000760       s_dwInvLn                  0000000140047760     LIBCMTD:svml_sexpf4_sse4.obj
 0005:00000770       flBound1                   0000000140047770     LIBCMTD:svml_sexpf4_sse4.obj
 0005:00000780       flTwo                      0000000140047780     LIBCMTD:svml_sexpf4_sse4.obj
 0005:00000790       s_dwLnLo                   0000000140047790     LIBCMTD:svml_sexpf4_sse4.obj
 0005:000007a0       s_dwLnHi                   00000001400477a0     LIBCMTD:svml_sexpf4_sse4.obj
